Component: ARM Compiler 5.05 update 1 (build 106) Tool: armlink [4d0efa]

==============================================================================

Section Cross References

    main.o(i.main) refers to misc.o(i.NVIC_PriorityGroupConfig) for NVIC_PriorityGroupConfig
    main.o(i.main) refers to delay.o(i.delay_init) for delay_init
    main.o(i.main) refers to bsp_uart.o(i.Uart_Init) for Uart_Init
    main.o(i.main) refers to tasks.o(i.xTaskCreate) for xTaskCreate
    main.o(i.main) refers to tasks.o(i.vTaskStartScheduler) for vTaskStartScheduler
    main.o(i.main) refers to main.o(.data) for .data
    main.o(i.main) refers to main.o(i.start_task) for start_task
    main.o(i.start_task) refers to port.o(i.vPortEnterCritical) for vPortEnterCritical
    main.o(i.start_task) refers to tasks.o(i.xTaskCreate) for xTaskCreate
    main.o(i.start_task) refers to tasks.o(i.vTaskDelete) for vTaskDelete
    main.o(i.start_task) refers to port.o(i.vPortExitCritical) for vPortExitCritical
    main.o(i.start_task) refers to main.o(.data) for .data
    main.o(i.start_task) refers to main.o(i.task1_task) for task1_task
    main.o(i.start_task) refers to main.o(i.task4_task) for task4_task
    main.o(i.task1_task) refers to _printf_percent.o(.ARM.Collect$$_printf_percent$$00000000) for _printf_percent
    main.o(i.task1_task) refers to _printf_s.o(.ARM.Collect$$_printf_percent$$00000014) for _printf_s
    main.o(i.task1_task) refers to _printf_str.o(.text) for _printf_str
    main.o(i.task1_task) refers to bsp_uart.o(i.Uart_Init) for Uart_Init
    main.o(i.task1_task) refers to queue.o(i.xQueueCreateCountingSemaphore) for xQueueCreateCountingSemaphore
    main.o(i.task1_task) refers to queue.o(i.xQueueGenericReceive) for xQueueGenericReceive
    main.o(i.task1_task) refers to bsp_uart.o(i.Uart_Get) for Uart_Get
    main.o(i.task1_task) refers to rt_memclr.o(.text) for __aeabi_memclr
    main.o(i.task1_task) refers to noretval__2sprintf.o(.text) for __2sprintf
    main.o(i.task1_task) refers to strlen.o(.text) for strlen
    main.o(i.task1_task) refers to rt_memcpy_v6.o(.text) for __aeabi_memcpy
    main.o(i.task1_task) refers to bsp_uart.o(i.Uart_Send) for Uart_Send
    main.o(i.task1_task) refers to main.o(.data) for .data
    main.o(i.task1_task) refers to main.o(.bss) for .bss
    main.o(i.task2_task) refers to usart3.o(i.usart3_init) for usart3_init
    main.o(i.task2_task) refers to queue.o(i.xQueueCreateCountingSemaphore) for xQueueCreateCountingSemaphore
    main.o(i.task2_task) refers to rfid.o(i.ReadId) for ReadId
    main.o(i.task2_task) refers to main.o(.data) for .data
    main.o(i.task3_task) refers to rfid.o(i.RFID_CMD) for RFID_CMD
    main.o(i.task4_task) refers to uart4.o(i.Uart4_Init) for Uart4_Init
    main.o(i.task4_task) refers to queue.o(i.xQueueCreateCountingSemaphore) for xQueueCreateCountingSemaphore
    main.o(i.task4_task) refers to wifi.o(i.Connect_MQTT) for Connect_MQTT
    main.o(i.task4_task) refers to tasks.o(i.xTaskCreate) for xTaskCreate
    main.o(i.task4_task) refers to main.o(.data) for .data
    main.o(i.task4_task) refers to main.o(i.task2_task) for task2_task
    main.o(i.task4_task) refers to main.o(i.task3_task) for task3_task
    system_stm32f10x.o(i.SystemCoreClockUpdate) refers to system_stm32f10x.o(.data) for .data
    system_stm32f10x.o(i.SystemInit) refers to system_stm32f10x.o(i.SetSysClockTo72) for SetSysClockTo72
    bsp_uart.o(i.USART1_IRQHandler) refers to stm32f10x_usart.o(i.USART_GetITStatus) for USART_GetITStatus
    bsp_uart.o(i.USART1_IRQHandler) refers to stm32f10x_dma.o(i.DMA_GetCurrDataCounter) for DMA_GetCurrDataCounter
    bsp_uart.o(i.USART1_IRQHandler) refers to queue.o(i.xQueueGiveFromISR) for xQueueGiveFromISR
    bsp_uart.o(i.USART1_IRQHandler) refers to stm32f10x_usart.o(i.USART_ClearITPendingBit) for USART_ClearITPendingBit
    bsp_uart.o(i.USART1_IRQHandler) refers to stm32f10x_dma.o(i.DMA_Cmd) for DMA_Cmd
    bsp_uart.o(i.USART1_IRQHandler) refers to bsp_uart.o(.bss) for .bss
    bsp_uart.o(i.USART1_IRQHandler) refers to main.o(.data) for xSemaphore
    bsp_uart.o(i.USART1_IRQHandler) refers to bsp_uart.o(.data) for .data
    bsp_uart.o(i.Uart_1_Clean) refers to stm32f10x_dma.o(i.DMA_Cmd) for DMA_Cmd
    bsp_uart.o(i.Uart_1_Clean) refers to stm32f10x_dma.o(i.DMA_SetCurrDataCounter) for DMA_SetCurrDataCounter
    bsp_uart.o(i.Uart_1_Clean) refers to bsp_uart.o(.bss) for .bss
    bsp_uart.o(i.Uart_1_Get) refers to app_fifo.o(i.Fifo_Get) for Fifo_Get
    bsp_uart.o(i.Uart_1_Get) refers to bsp_uart.o(.bss) for .bss
    bsp_uart.o(i.Uart_1_Init) refers to stm32f10x_rcc.o(i.RCC_APB2PeriphClockCmd) for RCC_APB2PeriphClockCmd
    bsp_uart.o(i.Uart_1_Init) refers to stm32f10x_gpio.o(i.GPIO_Init) for GPIO_Init
    bsp_uart.o(i.Uart_1_Init) refers to misc.o(i.NVIC_Init) for NVIC_Init
    bsp_uart.o(i.Uart_1_Init) refers to stm32f10x_usart.o(i.USART_Init) for USART_Init
[...]
    .ARM.Collect$$rtexit$$00000004           0x080001da   Section        6  rtexit2.o(.ARM.Collect$$rtexit$$00000004)
    .emb_text                                0x080001e0   Section      150  port.o(.emb_text)
    .text                                    0x08000278   Section       64  startup_stm32f10x_hd.o(.text)
    .text                                    0x080002b8   Section        2  use_no_semi_2.o(.text)
    .text                                    0x080002bc   Section        0  noretval__2printf.o(.text)
    .text                                    0x080002d4   Section        0  noretval__2sprintf.o(.text)
    .text                                    0x080002fc   Section        0  __printf.o(.text)
    .text                                    0x08000364   Section        0  _printf_str.o(.text)
    .text                                    0x080003b8   Section        0  _printf_dec.o(.text)
    .text                                    0x08000430   Section        0  strstr.o(.text)
    .text                                    0x08000454   Section        0  strlen.o(.text)
    .text                                    0x08000492   Section      138  rt_memcpy_v6.o(.text)
    .text                                    0x0800051c   Section       16  aeabi_memset.o(.text)
    .text                                    0x0800052c   Section       68  rt_memclr.o(.text)
    .text                                    0x08000570   Section       78  rt_memclr_w.o(.text)
    .text                                    0x080005be   Section        0  heapauxi.o(.text)
    .text                                    0x080005c4   Section        2  use_no_semi.o(.text)
    .text                                    0x080005c6   Section        0  _printf_intcommon.o(.text)
    .text                                    0x08000678   Section        0  _printf_char_common.o(.text)
    _printf_input_char                       0x08000679   Thumb Code    10  _printf_char_common.o(.text)
    .text                                    0x080006a8   Section        0  _sputc.o(.text)
    .text                                    0x080006b2   Section        0  _printf_char.o(.text)
    .text                                    0x080006e0   Section        0  _printf_char_file.o(.text)
    .text                                    0x08000704   Section      100  rt_memcpy_w.o(.text)
    .text                                    0x08000768   Section        0  ferror.o(.text)
    .text                                    0x08000770   Section       74  sys_stackheap_outer.o(.text)
    .text                                    0x080007ba   Section        0  exit.o(.text)
    .text                                    0x080007c8   Section        8  libspace.o(.text)
    i.BusFault_Handler                       0x080007d0   Section        0  stm32f10x_it.o(i.BusFault_Handler)
    i.Connect_MQTT                           0x080007d4   Section        0  wifi.o(i.Connect_MQTT)
    i.DMA_ClearFlag                          0x080008cc   Section        0  stm32f10x_dma.o(i.DMA_ClearFlag)
    i.DMA_Cmd                                0x080008e4   Section        0  stm32f10x_dma.o(i.DMA_Cmd)
    i.DMA_DeInit                             0x080008fc   Section        0  stm32f10x_dma.o(i.DMA_DeInit)
    i.DMA_GetCurrDataCounter                 0x080009e0   Section        0  stm32f10x_dma.o(i.DMA_GetCurrDataCounter)
    i.DMA_Init                               0x080009e6   Section        0  stm32f10x_dma.o(i.DMA_Init)
    i.DebugMon_Handler                       0x08000a20   Section        0  stm32f10x_it.o(i.DebugMon_Handler)
    i.ESP8266_Connect_IP                     0x08000a24   Section        0  wifi.o(i.ESP8266_Connect_IP)
    i.ESP8266_Connect_WIFI                   0x08000b84   Section        0  wifi.o(i.ESP8266_Connect_WIFI)
    i.ESP8266_MQTT_SUB                       0x08000c24   Section        0  wifi.o(i.ESP8266_MQTT_SUB)
    i.ESP8266_SetStation                     0x08000cc8   Section        0  wifi.o(i.ESP8266_SetStation)
    i.Fifo_Get                               0x08000d48   Section        0  app_fifo.o(i.Fifo_Get)
    i.Fifo_Init                              0x08000d98   Section        0  app_fifo.o(i.Fifo_Init)
    i.GPIO_Init                              0x08000da4   Section        0  stm32f10x_gpio.o(i.GPIO_Init)
    i.HardFault_Handler                      0x08000e40   Section        0  stm32f10x_it.o(i.HardFault_Handler)
    i.MemManage_Handler                      0x08000e42   Section        0  stm32f10x_it.o(i.MemManage_Handler)
    i.NMI_Handler                            0x08000e44   Section        0  stm32f10x_it.o(i.NMI_Handler)
    i.NVIC_Init                              0x08000e48   Section        0  misc.o(i.NVIC_Init)
    i.NVIC_PriorityGroupConfig               0x08000eac   Section        0  misc.o(i.NVIC_PriorityGroupConfig)
    i.RCC_AHBPeriphClockCmd                  0x08000ec0   Section        0  stm32f10x_rcc.o(i.RCC_AHBPeriphClockCmd)
    i.RCC_APB1PeriphClockCmd                 0x08000ed8   Section        0  stm32f10x_rcc.o(i.RCC_APB1PeriphClockCmd)
    i.RCC_APB1PeriphResetCmd                 0x08000ef0   Section        0  stm32f10x_rcc.o(i.RCC_APB1PeriphResetCmd)
    i.RCC_APB2PeriphClockCmd                 0x08000f08   Section        0  stm32f10x_rcc.o(i.RCC_APB2PeriphClockCmd)
    i.RCC_APB2PeriphResetCmd                 0x08000f20   Section        0  stm32f10x_rcc.o(i.RCC_APB2PeriphResetCmd)
    i.RCC_GetClocksFreq                      0x08000f38   Section        0  stm32f10x_rcc.o(i.RCC_GetClocksFreq)
    i.RFID_CMD                               0x08000fcc   Section        0  rfid.o(i.RFID_CMD)
    i.ReadId                                 0x08000fec   Section        0  rfid.o(i.ReadId)
    i.Send_AtCmd                             0x0800106c   Section        0  wifi.o(i.Send_AtCmd)
    i.SetSysClockTo72                        0x08001090   Section        0  system_stm32f10x.o(i.SetSysClockTo72)
    SetSysClockTo72                          0x08001091   Thumb Code   160  system_stm32f10x.o(i.SetSysClockTo72)
    i.SysTick_CLKSourceConfig                0x08001138   Section        0  misc.o(i.SysTick_CLKSourceConfig)
    i.SysTick_Handler                        0x08001150   Section        0  delay.o(i.SysTick_Handler)
    i.SystemInit                             0x08001164   Section        0  system_stm32f10x.o(i.SystemInit)
    i.TIM3_IRQHandler                        0x080011b4   Section        0  timer.o(i.TIM3_IRQHandler)
    i.TIM5_IRQHandler                        0x080011f0   Section        0  timer.o(i.TIM5_IRQHandler)
    i.TIM_ClearITPendingBit                  0x0800122c   Section        0  stm32f10x_tim.o(i.TIM_ClearITPendingBit)
    i.TIM_GetITStatus                        0x08001232   Section        0  stm32f10x_tim.o(i.TIM_GetITStatus)
    i.TxCheckSum                             0x0800124a   Section        0  rfid.o(i.TxCheckSum)
    i.UART4_IRQHandler                       0x0800126c   Section        0  uart4.o(i.UART4_IRQHandler)
    i.USART1_IRQHandler                      0x08001314   Section        0  bsp_uart.o(i.USART1_IRQHandler)
    i.USART2_IRQHandler                      0x0800139c   Section        0  usart2.o(i.USART2_IRQHandler)
    i.USART3_IRQHandler                      0x08001424   Section        0  usart3.o(i.USART3_IRQHandler)
    i.USART_ClearITPendingBit                0x080014b4   Section        0  stm32f10x_usart.o(i.USART_ClearITPendingBit)
    i.USART_Cmd                              0x080014c0   Section        0  stm32f10x_usart.o(i.USART_Cmd)
    i.USART_DMACmd                           0x080014d4   Section        0  stm32f10x_usart.o(i.USART_DMACmd)
    i.USART_DeInit                           0x080014e4   Section        0  stm32f10x_usart.o(i.USART_DeInit)
    i.USART_GetITStatus                      0x08001558   Section        0  stm32f10x_usart.o(i.USART_GetITStatus)
    i.USART_ITConfig                         0x08001596   Section        0  stm32f10x_usart.o(i.USART_ITConfig)
    i.USART_Init                             0x080015c8   Section        0  stm32f10x_usart.o(i.USART_Init)
    i.Uart4_Init                             0x08001674   Section        0  uart4.o(i.Uart4_Init)
    i.Uart4_Send                             0x080017f0   Section        0  uart4.o(i.Uart4_Send)
    i.Uart_1_Get                             0x08001824   Section        0  bsp_uart.o(i.Uart_1_Get)
    i.Uart_1_Init                            0x08001834   Section        0  bsp_uart.o(i.Uart_1_Init)
    i.Uart_1_Send                            0x08001994   Section        0  bsp_uart.o(i.Uart_1_Send)
    i.Uart_Get                               0x080019fc   Section        0  bsp_uart.o(i.Uart_Get)
    i.Uart_Init                              0x08001a1c   Section        0  bsp_uart.o(i.Uart_Init)
    i.Uart_Send                              0x08001a20   Section        0  bsp_uart.o(i.Uart_Send)
    i.UsageFault_Handler                     0x08001a38   Section        0  stm32f10x_it.o(i.UsageFault_Handler)
    i.Usart3_Send                            0x08001a3c   Section        0  usart3.o(i.Usart3_Send)
    i._sys_exit                              0x08001aa0   Section        0  usart.o(i._sys_exit)
    i.delay_init                             0x08001aa4   Section        0  delay.o(i.delay_init)
    i.delay_ms                               0x08001aec   Section        0  delay.o(i.delay_ms)
    i.delay_us                               0x08001b24   Section        0  delay.o(i.delay_us)
    i.fputc                                  0x08001b58   Section        0  usart.o(i.fputc)
    i.main                                   0x08001b70   Section        0  main.o(i.main)
    i.prvAddCurrentTaskToDelayedList         0x08001bb4   Section        0  tasks.o(i.prvAddCurrentTaskToDelayedList)
    prvAddCurrentTaskToDelayedList           0x08001bb5   Thumb Code   102  tasks.o(i.prvAddCurrentTaskToDelayedList)
    i.prvAddNewTaskToReadyList               0x08001c24   Section        0  tasks.o(i.prvAddNewTaskToReadyList)
    prvAddNewTaskToReadyList                 0x08001c25   Thumb Code   192  tasks.o(i.prvAddNewTaskToReadyList)
    i.prvCheckForValidListAndQueue           0x08001cf4   Section        0  timers.o(i.prvCheckForValidListAndQueue)
    prvCheckForValidListAndQueue             0x08001cf5   Thumb Code    62  timers.o(i.prvCheckForValidListAndQueue)
    i.prvCheckTasksWaitingTermination        0x08001d44   Section        0  tasks.o(i.prvCheckTasksWaitingTermination)
    prvCheckTasksWaitingTermination          0x08001d45   Thumb Code    74  tasks.o(i.prvCheckTasksWaitingTermination)
    i.prvCopyDataFromQueue                   0x08001d98   Section        0  queue.o(i.prvCopyDataFromQueue)
    prvCopyDataFromQueue                     0x08001d99   Thumb Code    38  queue.o(i.prvCopyDataFromQueue)
    i.prvCopyDataToQueue                     0x08001dbe   Section        0  queue.o(i.prvCopyDataToQueue)
    prvCopyDataToQueue                       0x08001dbf   Thumb Code   108  queue.o(i.prvCopyDataToQueue)
    i.prvDeleteTCB                           0x08001e2a   Section        0  tasks.o(i.prvDeleteTCB)
    prvDeleteTCB                             0x08001e2b   Thumb Code    20  tasks.o(i.prvDeleteTCB)
    i.prvHeapInit                            0x08001e40   Section        0  heap_4.o(i.prvHeapInit)
    prvHeapInit                              0x08001e41   Thumb Code    66  heap_4.o(i.prvHeapInit)
    i.prvIdleTask                            0x08001e8c   Section        0  tasks.o(i.prvIdleTask)
    prvIdleTask                              0x08001e8d   Thumb Code    30  tasks.o(i.prvIdleTask)
    i.prvInitialiseNewTask                   0x08001eb4   Section        0  tasks.o(i.prvInitialiseNewTask)
    prvInitialiseNewTask                     0x08001eb5   Thumb Code   154  tasks.o(i.prvInitialiseNewTask)
    i.prvInsertBlockIntoFreeList             0x08001f74   Section        0  heap_4.o(i.prvInsertBlockIntoFreeList)
    prvInsertBlockIntoFreeList               0x08001f75   Thumb Code    72  heap_4.o(i.prvInsertBlockIntoFreeList)
    i.prvInsertTimerInActiveList             0x08001fc0   Section        0  timers.o(i.prvInsertTimerInActiveList)
    prvInsertTimerInActiveList               0x08001fc1   Thumb Code    52  timers.o(i.prvInsertTimerInActiveList)
    i.prvIsQueueEmpty                        0x08001ff8   Section        0  queue.o(i.prvIsQueueEmpty)
    prvIsQueueEmpty                          0x08001ff9   Thumb Code    26  queue.o(i.prvIsQueueEmpty)
    i.prvNotifyQueueSetContainer             0x08002014   Section        0  queue.o(i.prvNotifyQueueSetContainer)
    prvNotifyQueueSetContainer               0x08002015   Thumb Code   108  queue.o(i.prvNotifyQueueSetContainer)
    i.prvProcessExpiredTimer                 0x080020a4   Section        0  timers.o(i.prvProcessExpiredTimer)
    prvProcessExpiredTimer                   0x080020a5   Thumb Code    86  timers.o(i.prvProcessExpiredTimer)
    i.prvProcessReceivedCommands             0x08002104   Section        0  timers.o(i.prvProcessReceivedCommands)
    prvProcessReceivedCommands               0x08002105   Thumb Code   196  timers.o(i.prvProcessReceivedCommands)
    i.prvProcessTimerOrBlockTask             0x080021f4   Section        0  timers.o(i.prvProcessTimerOrBlockTask)
    prvProcessTimerOrBlockTask               0x080021f5   Thumb Code    98  timers.o(i.prvProcessTimerOrBlockTask)
    i.prvResetNextTaskUnblockTime            0x08002260   Section        0  tasks.o(i.prvResetNextTaskUnblockTime)
    prvResetNextTaskUnblockTime              0x08002261   Thumb Code    26  tasks.o(i.prvResetNextTaskUnblockTime)
    i.prvSampleTimeNow                       0x08002280   Section        0  timers.o(i.prvSampleTimeNow)
    prvSampleTimeNow                         0x08002281   Thumb Code    36  timers.o(i.prvSampleTimeNow)
    i.prvSwitchTimerLists                    0x080022a8   Section        0  timers.o(i.prvSwitchTimerLists)
    prvSwitchTimerLists                      0x080022a9   Thumb Code   100  timers.o(i.prvSwitchTimerLists)
    i.prvTaskExitError                       0x08002314   Section        0  port.o(i.prvTaskExitError)
    prvTaskExitError                         0x08002315   Thumb Code    34  port.o(i.prvTaskExitError)
    i.prvTimerTask                           0x08002378   Section        0  timers.o(i.prvTimerTask)
    prvTimerTask                             0x08002379   Thumb Code    34  timers.o(i.prvTimerTask)
    i.prvUnlockQueue                         0x080023a0   Section        0  queue.o(i.prvUnlockQueue)
    prvUnlockQueue                           0x080023a1   Thumb Code   120  queue.o(i.prvUnlockQueue)
    i.pvPortMalloc                           0x08002418   Section        0  heap_4.o(i.pvPortMalloc)
    i.pvTaskIncrementMutexHeldCount          0x0800252c   Section        0  tasks.o(i.pvTaskIncrementMutexHeldCount)
    i.pxPortInitialiseStack                  0x08002544   Section        0  port.o(i.pxPortInitialiseStack)
    i.start_task                             0x08002568   Section        0  main.o(i.start_task)
    i.task1_task                             0x080025d0   Section        0  main.o(i.task1_task)
    i.task2_task                             0x08002694   Section        0  main.o(i.task2_task)
    i.task3_task                             0x080026b4   Section        0  main.o(i.task3_task)
    i.task4_task                             0x080026bc   Section        0  main.o(i.task4_task)
    i.usart3_init                            0x08002724   Section        0  usart3.o(i.usart3_init)
    i.uxListRemove                           0x08002890   Section        0  list.o(i.uxListRemove)
    i.vListInitialise                        0x080028b4   Section        0  list.o(i.vListInitialise)
    i.vListInitialiseItem                    0x080028ca   Section        0  list.o(i.vListInitialiseItem)
    i.vListInsert                            0x080028d0   Section        0  list.o(i.vListInsert)
    i.vListInsertEnd                         0x08002900   Section        0  list.o(i.vListInsertEnd)
    i.vPortEnterCritical                     0x08002918   Section        0  port.o(i.vPortEnterCritical)
    i.vPortExitCritical                      0x08002990   Section        0  port.o(i.vPortExitCritical)
    i.vPortFree                              0x080029f4   Section        0  heap_4.o(i.vPortFree)
    i.vPortSetupTimerInterrupt               0x08002a90   Section        0  port.o(i.vPortSetupTimerInterrupt)
    i.vPortValidateInterruptPriority         0x08002ab0   Section        0  port.o(i.vPortValidateInterruptPriority)
    i.vQueueAddToRegistry                    0x08002b3c   Section        0  queue.o(i.vQueueAddToRegistry)
    i.vQueueWaitForMessageRestricted         0x08002b60   Section        0  queue.o(i.vQueueWaitForMessageRestricted)
    i.vTaskDelay                             0x08002ba4   Section        0  tasks.o(i.vTaskDelay)
    i.vTaskDelete                            0x08002c10   Section        0  tasks.o(i.vTaskDelete)
    i.vTaskMissedYield                       0x08002cdc   Section        0  tasks.o(i.vTaskMissedYield)
    i.vTaskPlaceOnEventList                  0x08002ce8   Section        0  tasks.o(i.vTaskPlaceOnEventList)
    i.vTaskPlaceOnEventListRestricted        0x08002d3c   Section        0  tasks.o(i.vTaskPlaceOnEventListRestricted)
    i.vTaskPriorityInherit                   0x08002d98   Section        0  tasks.o(i.vTaskPriorityInherit)
    i.vTaskSetTimeOutState                   0x08002e1c   Section        0  tasks.o(i.vTaskSetTimeOutState)
    i.vTaskStartScheduler                    0x08002e64   Section        0  tasks.o(i.vTaskStartScheduler)
    i.vTaskSuspendAll                        0x08002ef8   Section        0  tasks.o(i.vTaskSuspendAll)
    i.vTaskSwitchContext                     0x08002f08   Section        0  tasks.o(i.vTaskSwitchContext)
    i.xPortStartScheduler                    0x08002f84   Section        0  port.o(i.xPortStartScheduler)
    i.xPortSysTickHandler                    0x08002ffc   Section        0  port.o(i.xPortSysTickHandler)
    i.xQueueCreateCountingSemaphore          0x08003028   Section        0  queue.o(i.xQueueCreateCountingSemaphore)
    i.xQueueGenericCreate                    0x08003084   Section        0  queue.o(i.xQueueGenericCreate)
    i.xQueueGenericReceive                   0x080030fc   Section        0  queue.o(i.xQueueGenericReceive)
    i.xQueueGenericReset                     0x08003280   Section        0  queue.o(i.xQueueGenericReset)
    i.xQueueGenericSend                      0x08003328   Section        0  queue.o(i.xQueueGenericSend)
    i.xQueueGenericSendFromISR               0x080034b0   Section        0  queue.o(i.xQueueGenericSendFromISR)
    i.xQueueGiveFromISR                      0x08003590   Section        0  queue.o(i.xQueueGiveFromISR)
    i.xTaskCheckForTimeOut                   0x08003658   Section        0  tasks.o(i.xTaskCheckForTimeOut)
    i.xTaskCreate                            0x080036e0   Section        0  tasks.o(i.xTaskCreate)
    i.xTaskGetSchedulerState                 0x08003738   Section        0  tasks.o(i.xTaskGetSchedulerState)
    i.xTaskGetTickCount                      0x08003754   Section        0  tasks.o(i.xTaskGetTickCount)
    i.xTaskIncrementTick                     0x08003760   Section        0  tasks.o(i.xTaskIncrementTick)
    i.xTaskPriorityDisinherit                0x08003848   Section        0  tasks.o(i.xTaskPriorityDisinherit)
    i.xTaskRemoveFromEventList               0x080038fc   Section        0  tasks.o(i.xTaskRemoveFromEventList)
    i.xTaskResumeAll                         0x08003994   Section        0  tasks.o(i.xTaskResumeAll)
    i.xTimerCreate                           0x08003a78   Section        0  timers.o(i.xTimerCreate)
    i.xTimerCreateTimerTask                  0x08003aec   Section        0  timers.o(i.xTimerCreateTimerTask)
    i.xTimerGenericCommand                   0x08003b60   Section        0  timers.o(i.xTimerGenericCommand)
    .data                                    0x20000000   Section       32  main.o(.data)
    .data                                    0x20000020   Section        4  main.o(.data)
    .data                                    0x20000024   Section       20  system_stm32f10x.o(.data)
    .data                                    0x20000038   Section        8  bsp_uart.o(.data)
    Uart1TxSem                               0x20000038   Data           4  bsp_uart.o(.data)
    Uart1TxWaitSem                           0x2000003c   Data           4  bsp_uart.o(.data)
    .data                                    0x20000040   Section        8  uart4.o(.data)
    Uart4TxSem                               0x20000040   Data           4  uart4.o(.data)
    Uart4TxWaitSem                           0x20000044   Data           4  uart4.o(.data)
    .data                                    0x20000048   Section        8  usart2.o(.data)
    Usart2TxSem                              0x20000048   Data           4  usart2.o(.data)
    Usart2TxWaitSem                          0x2000004c   Data           4  usart2.o(.data)
    .data                                    0x20000050   Section       12  usart3.o(.data)
    init                                     0x20000050   Data           4  usart3.o(.data)
    Usart3TxSem                              0x20000054   Data           4  usart3.o(.data)
    Usart3TxWaitSem                          0x20000058   Data           4  usart3.o(.data)
    .data                                    0x2000005c   Section        4  delay.o(.data)
    fac_us                                   0x2000005c   Data           1  delay.o(.data)
    fac_ms                                   0x2000005e   Data           2  delay.o(.data)
    .data                                    0x20000060   Section        4  usart.o(.data)
    .data                                    0x20000064   Section       20  stm32f10x_rcc.o(.data)
    ADCPrescTable                            0x20000064   Data           4  stm32f10x_rcc.o(.data)
    APBAHBPrescTable                         0x20000068   Data          16  stm32f10x_rcc.o(.data)
    .data                                    0x20000078   Section       60  tasks.o(.data)
    uxDeletedTasksWaitingCleanUp             0x2000007c   Data           4  tasks.o(.data)
    uxCurrentNumberOfTasks                   0x20000080   Data           4  tasks.o(.data)
    xTickCount                               0x20000084   Data           4  tasks.o(.data)
    uxTopReadyPriority                       0x20000088   Data           4  tasks.o(.data)
    xSchedulerRunning                        0x2000008c   Data           4  tasks.o(.data)
    uxPendedTicks                            0x20000090   Data           4  tasks.o(.data)
    xYieldPending                            0x20000094   Data           4  tasks.o(.data)
    xNumOfOverflows                          0x20000098   Data           4  tasks.o(.data)
    uxTaskNumber                             0x2000009c   Data           4  tasks.o(.data)
    xNextTaskUnblockTime                     0x200000a0   Data           4  tasks.o(.data)
    xIdleTaskHandle                          0x200000a4   Data           4  tasks.o(.data)
    uxSchedulerSuspended                     0x200000a8   Data           4  tasks.o(.data)
    pxDelayedTaskList                        0x200000ac   Data           4  tasks.o(.data)
    pxOverflowDelayedTaskList                0x200000b0   Data           4  tasks.o(.data)
    .data                                    0x200000b4   Section       20  timers.o(.data)
    xTimerQueue                              0x200000b4   Data           4  timers.o(.data)
    xTimerTaskHandle                         0x200000b8   Data           4  timers.o(.data)
    xLastTime                                0x200000bc   Data           4  timers.o(.data)
    pxCurrentTimerList                       0x200000c0   Data           4  timers.o(.data)
    pxOverflowTimerList                      0x200000c4   Data           4  timers.o(.data)
    .data                                    0x200000c8   Section       24  heap_4.o(.data)
    pxEnd                                    0x200000c8   Data           4  heap_4.o(.data)
    xFreeBytesRemaining                      0x200000cc   Data           4  heap_4.o(.data)
    xMinimumEverFreeBytesRemaining           0x200000d0   Data           4  heap_4.o(.data)
    xBlockAllocatedBit                       0x200000d4   Data           4  heap_4.o(.data)
    xStart                                   0x200000d8   Data           8  heap_4.o(.data)
    .data                                    0x200000e0   Section       12  port.o(.data)
    ucMaxSysCallPriority                     0x200000e0   Data           1  port.o(.data)
    uxCriticalNesting                        0x200000e4   Data           4  port.o(.data)
    ulMaxPRIGROUPValue                       0x200000e8   Data           4  port.o(.data)
    .data                                    0x200000ec   Section       48  rfid.o(.data)
    .bss                                     0x2000011c   Section     2048  main.o(.bss)
    .bss                                     0x2000091c   Section      524  bsp_uart.o(.bss)
    .bss                                     0x20000b28   Section      112  uart4.o(.bss)
    .bss                                     0x20000b98   Section     1036  usart2.o(.bss)
    .bss                                     0x20000fa4   Section     1036  usart3.o(.bss)
    .bss                                     0x200013b0   Section       64  queue.o(.bss)
    .bss                                     0x200013f0   Section      740  tasks.o(.bss)
    pxReadyTasksLists                        0x200013f0   Data         640  tasks.o(.bss)
    xDelayedTaskList1                        0x20001670   Data          20  tasks.o(.bss)
    xDelayedTaskList2                        0x20001684   Data          20  tasks.o(.bss)
    xPendingReadyList                        0x20001698   Data          20  tasks.o(.bss)
    xTasksWaitingTermination                 0x200016ac   Data          20  tasks.o(.bss)
    xSuspendedTaskList                       0x200016c0   Data          20  tasks.o(.bss)
    .bss                                     0x200016d4   Section       40  timers.o(.bss)
    xActiveTimerList1                        0x200016d4   Data          20  timers.o(.bss)
    xActiveTimerList2                        0x200016e8   Data          20  timers.o(.bss)
    .bss                                     0x200016fc   Section    20480  heap_4.o(.bss)
    ucHeap                                   0x200016fc   Data       20480  heap_4.o(.bss)
    .bss                                     0x200066fc   Section       30  rfid.o(.bss)
    .bss                                     0x2000671a   Section      256  wifi.o(.bss)
    .bss                                     0x2000681c   Section       96  libspace.o(.bss)
    HEAP                                     0x20006880   Section      512  startup_stm32f10x_hd.o(HEAP)
    Heap_Mem                                 0x20006880   Data         512  startup_stm32f10x_hd.o(HEAP)
    STACK                                    0x20006a80   Section     1024  startup_stm32f10x_hd.o(STACK)
    Stack_Mem                                0x20006a80   Data        1024  startup_stm32f10x_hd.o(STACK)
    __initial_sp                             0x20006e80   Data           0  startup_stm32f10x_hd.o(STACK)

    Global Symbols

    Symbol Name                              Value     Ov Type        Size  Object(Section)

    BuildAttributes$$THM_ISAv4$P$D$K$B$S$PE$A:L22UL41UL21$X:L11$S22US41US21$IEEE1$IW$USESV6$~STKCKD$USESV7$~SHL$OSPACE$ROPI$EBA8$UX$STANDARDLIB$REQ8$PRES8$EABIv2 0x00000000   Number         0  anon$$obj.o ABSOLUTE
    __ARM_use_no_argv                        0x00000000   Number         0  main.o ABSOLUTE
    __ARM_exceptions_init                     - Undefined Weak Reference
    __alloca_initialize                       - Undefined Weak Reference
    __arm_preinit_                            - Undefined Weak Reference
    __cpp_initialize__aeabi_                  - Undefined Weak Reference
    __cxa_finalize                            - Undefined Weak Reference
    __rt_locale                               - Undefined Weak Reference
    __sigvec_lookup                           - Undefined Weak Reference
    _atexit_init                              - Undefined Weak Reference
    _call_atexit_fns                          - Undefined Weak Reference
    _clock_init                               - Undefined Weak Reference
    _fp_trap_init                             - Undefined Weak Reference
    _fp_trap_shutdown                         - Undefined Weak Reference
    _get_lc_collate                           - Undefined Weak Reference
    _get_lc_ctype                             - Undefined Weak Reference
    _get_lc_monetary                          - Undefined Weak Reference
    _get_lc_numeric                           - Undefined Weak Reference
    _get_lc_time                              - Undefined Weak Reference
    _getenv_init                              - Undefined Weak Reference
    _handle_redirection                       - Undefined Weak Reference
    _init_alloc                               - Undefined Weak Reference
    _init_user_alloc                          - Undefined Weak Reference
    _initio                                   - Undefined Weak Reference
    _mutex_acquire                            - Undefined Weak Reference
    _mutex_release                            - Undefined Weak Reference
    _printf_mbtowc                            - Undefined Weak Reference
    _printf_post_padding                      - Undefined Weak Reference
    _printf_pre_padding                       - Undefined Weak Reference
    _printf_truncate_signed                   - Undefined Weak Reference
    _printf_truncate_unsigned                 - Undefined Weak Reference
    _rand_init                                - Undefined Weak Reference
    _signal_finish                            - Undefined Weak Reference
    _signal_init                              - Undefined Weak Reference
    _terminate_alloc                          - Undefined Weak Reference
    _terminate_user_alloc                     - Undefined Weak Reference
    _terminateio                              - Undefined Weak Reference
    __Vectors_Size                           0x00000130   Number         0  startup_stm32f10x_hd.o ABSOLUTE
    __Vectors                                0x08000000   Data           4  startup_stm32f10x_hd.o(RESET)
    __Vectors_End                            0x08000130   Data           0  startup_stm32f10x_hd.o(RESET)
    __main                                   0x08000131   Thumb Code     8  __main.o(!!!main)
    __scatterload                            0x08000139   Thumb Code     0  __scatter.o(!!!scatter)
    __scatterload_rt2                        0x08000139   Thumb Code    44  __scatter.o(!!!scatter)
    __scatterload_rt2_thumb_only             0x08000139   Thumb Code     0  __scatter.o(!!!scatter)
    __scatterload_null                       0x08000147   Thumb Code     0  __scatter.o(!!!scatter)
    __scatterload_copy                       0x0800016d   Thumb Code    26  __scatter_copy.o(!!handler_copy)
    __scatterload_zeroinit                   0x08000189   Thumb Code    28  __scatter_zi.o(!!handler_zi)
    _printf_d                                0x080001a5   Thumb Code     0  _printf_d.o(.ARM.Collect$$_printf_percent$$00000009)
    _printf_percent                          0x080001a5   Thumb Code     0  _printf_percent.o(.ARM.Collect$$_printf_percent$$00000000)
    _printf_c                                0x080001ab   Thumb Code     0  _printf_c.o(.ARM.Collect$$_printf_percent$$00000013)
    _printf_s                                0x080001b1   Thumb Code     0  _printf_s.o(.ARM.Collect$$_printf_percent$$00000014)
    _printf_percent_end                      0x080001b7   Thumb Code     0  _printf_percent_end.o(.ARM.Collect$$_printf_percent$$00000017)
    __rt_lib_init                            0x080001bb   Thumb Code     0  libinit.o(.ARM.Collect$$libinit$$00000000)
    __rt_lib_init_alloca_1                   0x080001bd   Thumb Code     0  libinit2.o(.ARM.Collect$$libinit$$0000002E)
    __rt_lib_init_argv_1                     0x080001bd   Thumb Code     0  libinit2.o(.ARM.Collect$$libinit$$0000002C)
    __rt_lib_init_atexit_1                   0x080001bd   Thumb Code     0  libinit2.o(.ARM.Collect$$libinit$$0000001B)
    __rt_lib_init_clock_1                    0x080001bd   Thumb Code     0  libinit2.o(.ARM.Collect$$libinit$$00000021)
    __rt_lib_init_cpp_1                      0x080001bd   Thumb Code     0  libinit2.o(.ARM.Collect$$libinit$$00000032)
    __rt_lib_init_exceptions_1               0x080001bd   Thumb Code     0  libinit2.o(.ARM.Collect$$libinit$$00000030)
    __rt_lib_init_fp_1                       0x080001bd   Thumb Code     0  libinit2.o(.ARM.Collect$$libinit$$00000002)
    __rt_lib_init_fp_trap_1                  0x080001bd   Thumb Code     0  libinit2.o(.ARM.Collect$$libinit$$0000001F)
    __rt_lib_init_getenv_1                   0x080001bd   Thumb Code     0  libinit2.o(.ARM.Collect$$libinit$$00000023)
    __rt_lib_init_heap_1                     0x080001bd   Thumb Code     0  libinit2.o(.ARM.Collect$$libinit$$0000000A)
    __rt_lib_init_lc_collate_1               0x080001bd   Thumb Code     0  libinit2.o(.ARM.Collect$$libinit$$00000011)
    __rt_lib_init_lc_ctype_1                 0x080001bd   Thumb Code     0  libinit2.o(.ARM.Collect$$libinit$$00000013)
    __rt_lib_init_lc_monetary_1              0x080001bd   Thumb Code     0  libinit2.o(.ARM.Collect$$libinit$$00000015)
    __rt_lib_init_lc_numeric_1               0x080001bd   Thumb Code     0  libinit2.o(.ARM.Collect$$libinit$$00000017)
    __rt_lib_init_lc_time_1                  0x080001bd   Thumb Code     0  libinit2.o(.ARM.Collect$$libinit$$00000019)
    __rt_lib_init_preinit_1                  0x080001bd   Thumb Code     0  libinit2.o(.ARM.Collect$$libinit$$00000004)
    __rt_lib_init_rand_1                     0x080001bd   Thumb Code     0  libinit2.o(.ARM.Collect$$libinit$$0000000E)
    __rt_lib_init_return                     0x080001bd   Thumb Code     0  libinit2.o(.ARM.Collect$$libinit$$00000033)
    __rt_lib_init_signal_1                   0x080001bd   Thumb Code     0  libinit2.o(.ARM.Collect$$libinit$$0000001D)
    __rt_lib_init_stdio_1                    0x080001bd   Thumb Code     0  libinit2.o(.ARM.Collect$$libinit$$00000025)
    __rt_lib_init_user_alloc_1               0x080001bd   Thumb Code     0  libinit2.o(.ARM.Collect$$libinit$$0000000C)
    __rt_lib_shutdown                        0x080001bf   Thumb Code     0  libshutdown.o(.ARM.Collect$$libshutdown$$00000000)
    __rt_lib_shutdown_fp_trap_1              0x080001c1   Thumb Code     0  libshutdown2.o(.ARM.Collect$$libshutdown$$00000006)
    __rt_lib_shutdown_heap_1                 0x080001c1   Thumb Code     0  libshutdown2.o(.ARM.Collect$$libshutdown$$0000000E)
    __rt_lib_shutdown_return                 0x080001c1   Thumb Code     0  libshutdown2.o(.ARM.Collect$$libshutdown$$0000000F)
    __rt_lib_shutdown_signal_1               0x080001c1   Thumb Code     0  libshutdown2.o(.ARM.Collect$$libshutdown$$00000009)
    __rt_lib_shutdown_stdio_1                0x080001c1   Thumb Code     0  libshutdown2.o(.ARM.Collect$$libshutdown$$00000003)
    __rt_lib_shutdown_user_alloc_1           0x080001c1   Thumb Code     0  libshutdown2.o(.ARM.Collect$$libshutdown$$0000000B)
    __rt_entry                               0x080001c3   Thumb Code     0  __rtentry.o(.ARM.Collect$$rtentry$$00000000)
    __rt_entry_presh_1                       0x080001c3   Thumb Code     0  __rtentry2.o(.ARM.Collect$$rtentry$$00000002)
    __rt_entry_sh                            0x080001c3   Thumb Code     0  __rtentry4.o(.ARM.Collect$$rtentry$$00000004)
    __rt_entry_li                            0x080001c9   Thumb Code     0  __rtentry2.o(.ARM.Collect$$rtentry$$0000000A)
    __rt_entry_postsh_1                      0x080001c9   Thumb Code     0  __rtentry2.o(.ARM.Collect$$rtentry$$00000009)
    __rt_entry_main                          0x080001cd   Thumb Code     0  __rtentry2.o(.ARM.Collect$$rtentry$$0000000D)
    __rt_entry_postli_1                      0x080001cd   Thumb Code     0  __rtentry2.o(.ARM.Collect$$rtentry$$0000000C)
    __rt_exit                                0x080001d5   Thumb Code     0  rtexit.o(.ARM.Collect$$rtexit$$00000000)
    __rt_exit_ls                             0x080001d7   Thumb Code     0  rtexit2.o(.ARM.Collect$$rtexit$$00000003)
    __rt_exit_prels_1                        0x080001d7   Thumb Code     0  rtexit2.o(.ARM.Collect$$rtexit$$00000002)
    __rt_exit_exit                           0x080001db   Thumb Code     0  rtexit2.o(.ARM.Collect$$rtexit$$00000004)
    SVC_Handler                              0x080001e1   Thumb Code    32  port.o(.emb_text)
    __asm___6_port_c_39a90d8d__prvStartFirstTask 0x08000205   Thumb Code    28  port.o(.emb_text)
    PendSV_Handler                           0x08000225   Thumb Code    72  port.o(.emb_text)
    vPortGetIPSR                             0x08000271   Thumb Code     6  port.o(.emb_text)
    Reset_Handler                            0x08000279   Thumb Code     8  startup_stm32f10x_hd.o(.text)
    ADC1_2_IRQHandler                        0x08000293   Thumb Code     0  startup_stm32f10x_hd.o(.text)
    ADC3_IRQHandler                          0x08000293   Thumb Code     0  startup_stm32f10x_hd.o(.text)
    CAN1_RX1_IRQHandler                      0x08000293   Thumb Code     0  startup_stm32f10x_hd.o(.text)
    CAN1_SCE_IRQHandler                      0x08000293   Thumb Code     0  startup_stm32f10x_hd.o(.text)
    DMA1_Channel1_IRQHandler                 0x08000293   Thumb Code     0  startup_stm32f10x_hd.o(.text)
    DMA1_Channel2_IRQHandler                 0x08000293   Thumb Code     0  startup_stm32f10x_hd.o(.text)
    DMA1_Channel3_IRQHandler                 0x08000293   Thumb Code     0  startup_stm32f10x_hd.o(.text)
    DMA1_Channel4_IRQHandler                 0x08000293   Thumb Code     0  startup_stm32f10x_hd.o(.text)
    DMA1_Channel5_IRQHandler                 0x08000293   Thumb Code     0  startup_stm32f10x_hd.o(.text)
    DMA1_Channel6_IRQHandler                 0x08000293   Thumb Code     0  startup_stm32f10x_hd.o(.text)
    DMA1_Channel7_IRQHandler                 0x08000293   Thumb Code     0  startup_stm32f10x_hd.o(.text)
    DMA2_Channel1_IRQHandler                 0x08000293   Thumb Code     0  startup_stm32f10x_hd.o(.text)
    DMA2_Channel2_IRQHandler                 0x08000293   Thumb Code     0  startup_stm32f10x_hd.o(.text)
    DMA2_Channel3_IRQHandler                 0x08000293   Thumb Code     0  startup_stm32f10x_hd.o(.text)
    DMA2_Channel4_5_IRQHandler               0x08000293   Thumb Code     0  startup_stm32f10x_hd.o(.text)
    EXTI0_IRQHandler                         0x08000293   Thumb Code     0  startup_stm32f10x_hd.o(.text)
    EXTI15_10_IRQHandler                     0x08000293   Thumb Code     0  startup_stm32f10x_hd.o(.text)
    EXTI1_IRQHandler                         0x08000293   Thumb Code     0  startup_stm32f10x_hd.o(.text)
    EXTI2_IRQHandler                         0x08000293   Thumb Code     0  startup_stm32f10x_hd.o(.text)
    EXTI3_IRQHandler                         0x08000293   Thumb Code     0  startup_stm32f10x_hd.o(.text)
    EXTI4_IRQHandler                         0x08000293   Thumb Code     0  startup_stm32f10x_hd.o(.text)
    EXTI9_5_IRQHandler                       0x08000293   Thumb Code     0  startup_stm32f10x_hd.o(.text)
    FLASH_IRQHandler                         0x08000293   Thumb Code     0  startup_stm32f10x_hd.o(.text)
    FSMC_IRQHandler                          0x08000293   Thumb Code     0  startup_stm32f10x_hd.o(.text)
    I2C1_ER_IRQHandler                       0x08000293   Thumb Code     0  startup_stm32f10x_hd.o(.text)
    I2C1_EV_IRQHandler                       0x08000293   Thumb Code     0  startup_stm32f10x_hd.o(.text)
    I2C2_ER_IRQHandler                       0x08000293   Thumb Code     0  startup_stm32f10x_hd.o(.text)
    I2C2_EV_IRQHandler                       0x08000293   Thumb Code     0  startup_stm32f10x_hd.o(.text)
    PVD_IRQHandler                           0x08000293   Thumb Code     0  startup_stm32f10x_hd.o(.text)
    RCC_IRQHandler                           0x08000293   Thumb Code     0  startup_stm32f10x_hd.o(.text)
    RTCAlarm_IRQHandler                      0x08000293   Thumb Code     0  startup_stm32f10x_hd.o(.text)
    RTC_IRQHandler                           0x08000293   Thumb Code     0  startup_stm32f10x_hd.o(.text)
    SDIO_IRQHandler                          0x08000293   Thumb Code     0  startup_stm32f10x_hd.o(.text)
    SPI1_IRQHandler                          0x08000293   Thumb Code     0  startup_stm32f10x_hd.o(.text)
    SPI2_IRQHandler                          0x08000293   Thumb Code     0  startup_stm32f10x_hd.o(.text)
    SPI3_IRQHandler                          0x08000293   Thumb Code     0  startup_stm32f10x_hd.o(.text)
    TAMPER_IRQHandler                        0x08000293   Thumb Code     0  startup_stm32f10x_hd.o(.text)
    TIM1_BRK_IRQHandler                      0x08000293   Thumb Code     0  startup_stm32f10x_hd.o(.text)
    TIM1_CC_IRQHandler                       0x08000293   Thumb Code     0  startup_stm32f10x_hd.o(.text)
    TIM1_TRG_COM_IRQHandler                  0x08000293   Thumb Code     0  startup_stm32f10x_hd.o(.text)
    TIM1_UP_IRQHandler                       0x08000293   Thumb Code     0  startup_stm32f10x_hd.o(.text)
    TIM2_IRQHandler                          0x08000293   Thumb Code     0  startup_stm32f10x_hd.o(.text)
    TIM4_IRQHandler                          0x08000293   Thumb Code     0  startup_stm32f10x_hd.o(.text)
    TIM6_IRQHandler                          0x08000293   Thumb Code     0  startup_stm32f10x_hd.o(.text)
    TIM7_IRQHandler                          0x08000293   Thumb Code     0  startup_stm32f10x_hd.o(.text)
    TIM8_BRK_IRQHandler                      0x08000293   Thumb Code     0  startup_stm32f10x_hd.o(.text)
    TIM8_CC_IRQHandler                       0x08000293   Thumb Code     0  startup_stm32f10x_hd.o(.text)
    TIM8_TRG_COM_IRQHandler                  0x08000293   Thumb Code     0  startup_stm32f10x_hd.o(.text)
    TIM8_UP_IRQHandler                       0x08000293   Thumb Code     0  startup_stm32f10x_hd.o(.text)
    UART5_IRQHandler                         0x08000293   Thumb Code     0  startup_stm32f10x_hd.o(.text)
    USBWakeUp_IRQHandler                     0x08000293   Thumb Code     0  startup_stm32f10x_hd.o(.text)
    USB_HP_CAN1_TX_IRQHandler                0x08000293   Thumb Code     0  startup_stm32f10x_hd.o(.text)
    USB_LP_CAN1_RX0_IRQHandler               0x08000293   Thumb Code     0  startup_stm32f10x_hd.o(.text)
    WWDG_IRQHandler                          0x08000293   Thumb Code     0  startup_stm32f10x_hd.o(.text)
    __user_initial_stackheap                 0x08000295   Thumb Code     0  startup_stm32f10x_hd.o(.text)
    __use_no_semihosting                     0x080002b9   Thumb Code     2  use_no_semi_2.o(.text)
    __2printf                                0x080002bd   Thumb Code    20  noretval__2printf.o(.text)
    __2sprintf                               0x080002d5   Thumb Code    34  noretval__2sprintf.o(.text)
    __printf                                 0x080002fd   Thumb Code   104  __printf.o(.text)
    _printf_str                              0x08000365   Thumb Code    82  _printf_str.o(.text)
    _printf_int_dec                          0x080003b9   Thumb Code   104  _printf_dec.o(.text)
    strstr                                   0x08000431   Thumb Code    36  strstr.o(.text)
    strlen                                   0x08000455   Thumb Code    62  strlen.o(.text)
    __aeabi_memcpy                           0x08000493   Thumb Code     0  rt_memcpy_v6.o(.text)
    __rt_memcpy                              0x08000493   Thumb Code   138  rt_memcpy_v6.o(.text)
    _memcpy_lastbytes                        0x080004f9   Thumb Code     0  rt_memcpy_v6.o(.text)
    __aeabi_memset                           0x0800051d   Thumb Code    16  aeabi_memset.o(.text)
    __aeabi_memclr                           0x0800052d   Thumb Code     0  rt_memclr.o(.text)
    __rt_memclr                              0x0800052d   Thumb Code    68  rt_memclr.o(.text)
    _memset                                  0x08000531   Thumb Code     0  rt_memclr.o(.text)
    __aeabi_memclr4                          0x08000571   Thumb Code     0  rt_memclr_w.o(.text)
    __aeabi_memclr8                          0x08000571   Thumb Code     0  rt_memclr_w.o(.text)
    __rt_memclr_w                            0x08000571   Thumb Code    78  rt_memclr_w.o(.text)
    _memset_w                                0x08000575   Thumb Code     0  rt_memclr_w.o(.text)
    __use_two_region_memory                  0x080005bf   Thumb Code     2  heapauxi.o(.text)
    __rt_heap_escrow$2region                 0x080005c1   Thumb Code     2  heapauxi.o(.text)
    __rt_heap_expand$2region                 0x080005c3   Thumb Code     2  heapauxi.o(.text)
    __I$use$semihosting                      0x080005c5   Thumb Code     0  use_no_semi.o(.text)
    __use_no_semihosting_swi                 0x080005c5   Thumb Code     2  use_no_semi.o(.text)
    _printf_int_common                       0x080005c7   Thumb Code   178  _printf_intcommon.o(.text)
    _printf_char_common                      0x08000683   Thumb Code    32  _printf_char_common.o(.text)
    _sputc                                   0x080006a9   Thumb Code    10  _sputc.o(.text)
    _printf_cs_common                        0x080006b3   Thumb Code    20  _printf_char.o(.text)
    _printf_char                             0x080006c7   Thumb Code    16  _printf_char.o(.text)
    _printf_string                           0x080006d7   Thumb Code     8  _printf_char.o(.text)
    _printf_char_file                        0x080006e1   Thumb Code    32  _printf_char_file.o(.text)
    __aeabi_memcpy4                          0x08000705   Thumb Code     0  rt_memcpy_w.o(.text)
    __aeabi_memcpy8                          0x08000705   Thumb Code     0  rt_memcpy_w.o(.text)
    __rt_memcpy_w                            0x08000705   Thumb Code   100  rt_memcpy_w.o(.text)
    _memcpy_lastbytes_aligned                0x0800074d   Thumb Code     0  rt_memcpy_w.o(.text)
    ferror                                   0x08000769   Thumb Code     8  ferror.o(.text)
    __user_setup_stackheap                   0x08000771   Thumb Code    74  sys_stackheap_outer.o(.text)
    exit                                     0x080007bb   Thumb Code    12  exit.o(.text)
    __user_libspace                          0x080007c9   Thumb Code     8  libspace.o(.text)
    __user_perproc_libspace                  0x080007c9   Thumb Code     0  libspace.o(.text)
    __user_perthread_libspace                0x080007c9   Thumb Code     0  libspace.o(.text)
    BusFault_Handler                         0x080007d1   Thumb Code     2  stm32f10x_it.o(i.BusFault_Handler)
    Connect_MQTT                             0x080007d5   Thumb Code   118  wifi.o(i.Connect_MQTT)
    DMA_ClearFlag                            0x080008cd   Thumb Code    16  stm32f10x_dma.o(i.DMA_ClearFlag)
    DMA_Cmd                                  0x080008e5   Thumb Code    22  stm32f10x_dma.o(i.DMA_Cmd)
    DMA_DeInit                               0x080008fd   Thumb Code   218  stm32f10x_dma.o(i.DMA_DeInit)
    DMA_GetCurrDataCounter                   0x080009e1   Thumb Code     6  stm32f10x_dma.o(i.DMA_GetCurrDataCounter)
    DMA_Init                                 0x080009e7   Thumb Code    58  stm32f10x_dma.o(i.DMA_Init)
    DebugMon_Handler                         0x08000a21   Thumb Code     2  stm32f10x_it.o(i.DebugMon_Handler)
    ESP8266_Connect_IP                       0x08000a25   Thumb Code   210  wifi.o(i.ESP8266_Connect_IP)
    ESP8266_Connect_WIFI                     0x08000b85   Thumb Code   102  wifi.o(i.ESP8266_Connect_WIFI)
    ESP8266_MQTT_SUB                         0x08000c25   Thumb Code    98  wifi.o(i.ESP8266_MQTT_SUB)
    ESP8266_SetStation                       0x08000cc9   Thumb Code    78  wifi.o(i.ESP8266_SetStation)
    Fifo_Get                                 0x08000d49   Thumb Code    80  app_fifo.o(i.Fifo_Get)
    Fifo_Init                                0x08000d99   Thumb Code    12  app_fifo.o(i.Fifo_Init)
    GPIO_Init                                0x08000da5   Thumb Code   156  stm32f10x_gpio.o(i.GPIO_Init)
    HardFault_Handler                        0x08000e41   Thumb Code     2  stm32f10x_it.o(i.HardFault_Handler)
    MemManage_Handler                        0x08000e43   Thumb Code     2  stm32f10x_it.o(i.MemManage_Handler)
    NMI_Handler                              0x08000e45   Thumb Code     2  stm32f10x_it.o(i.NMI_Handler)
    NVIC_Init                                0x08000e49   Thumb Code    94  misc.o(i.NVIC_Init)
    NVIC_PriorityGroupConfig                 0x08000ead   Thumb Code    10  misc.o(i.NVIC_PriorityGroupConfig)
    RCC_AHBPeriphClockCmd                    0x08000ec1   Thumb Code    18  stm32f10x_rcc.o(i.RCC_AHBPeriphClockCmd)
    RCC_APB1PeriphClockCmd                   0x08000ed9   Thumb Code    18  stm32f10x_rcc.o(i.RCC_APB1PeriphClockCmd)
    RCC_APB1PeriphResetCmd                   0x08000ef1   Thumb Code    18  stm32f10x_rcc.o(i.RCC_APB1PeriphResetCmd)
    RCC_APB2PeriphClockCmd                   0x08000f09   Thumb Code    18  stm32f10x_rcc.o(i.RCC_APB2PeriphClockCmd)
    RCC_APB2PeriphResetCmd                   0x08000f21   Thumb Code    18  stm32f10x_rcc.o(i.RCC_APB2PeriphResetCmd)
    RCC_GetClocksFreq                        0x08000f39   Thumb Code   132  stm32f10x_rcc.o(i.RCC_GetClocksFreq)
    RFID_CMD                                 0x08000fcd   Thumb Code    28  rfid.o(i.RFID_CMD)
    ReadId                                   0x08000fed   Thumb Code   102  rfid.o(i.ReadId)
    Send_AtCmd                               0x0800106d   Thumb Code    28  wifi.o(i.Send_AtCmd)
    SysTick_CLKSourceConfig                  0x08001139   Thumb Code    24  misc.o(i.SysTick_CLKSourceConfig)
    SysTick_Handler                          0x08001151   Thumb Code    20  delay.o(i.SysTick_Handler)
    SystemInit                               0x08001165   Thumb Code    64  system_stm32f10x.o(i.SystemInit)
    TIM3_IRQHandler                          0x080011b5   Thumb Code    34  timer.o(i.TIM3_IRQHandler)
    TIM5_IRQHandler                          0x080011f1   Thumb Code    34  timer.o(i.TIM5_IRQHandler)
    TIM_ClearITPendingBit                    0x0800122d   Thumb Code     6  stm32f10x_tim.o(i.TIM_ClearITPendingBit)
    TIM_GetITStatus                          0x08001233   Thumb Code    24  stm32f10x_tim.o(i.TIM_GetITStatus)
    TxCheckSum                               0x0800124b   Thumb Code    32  rfid.o(i.TxCheckSum)
    UART4_IRQHandler                         0x0800126d   Thumb Code   132  uart4.o(i.UART4_IRQHandler)
    USART1_IRQHandler                        0x08001315   Thumb Code   116  bsp_uart.o(i.USART1_IRQHandler)
    USART2_IRQHandler                        0x0800139d   Thumb Code   116  usart2.o(i.USART2_IRQHandler)
    USART3_IRQHandler                        0x08001425   Thumb Code   124  usart3.o(i.USART3_IRQHandler)
    USART_ClearITPendingBit                  0x080014b5   Thumb Code    12  stm32f10x_usart.o(i.USART_ClearITPendingBit)
    USART_Cmd                                0x080014c1   Thumb Code    20  stm32f10x_usart.o(i.USART_Cmd)
    USART_DMACmd                             0x080014d5   Thumb Code    16  stm32f10x_usart.o(i.USART_DMACmd)
    USART_DeInit                             0x080014e5   Thumb Code    96  stm32f10x_usart.o(i.USART_DeInit)
    USART_GetITStatus                        0x08001559   Thumb Code    62  stm32f10x_usart.o(i.USART_GetITStatus)
    USART_ITConfig                           0x08001597   Thumb Code    48  stm32f10x_usart.o(i.USART_ITConfig)
    USART_Init                               0x080015c9   Thumb Code   166  stm32f10x_usart.o(i.USART_Init)
    Uart4_Init                               0x08001675   Thumb Code   350  uart4.o(i.Uart4_Init)
    Uart4_Send                               0x080017f1   Thumb Code    48  uart4.o(i.Uart4_Send)
    Uart_1_Get                               0x08001825   Thumb Code    10  bsp_uart.o(i.Uart_1_Get)
    Uart_1_Init                              0x08001835   Thumb Code   332  bsp_uart.o(i.Uart_1_Init)
    Uart_1_Send                              0x08001995   Thumb Code    96  bsp_uart.o(i.Uart_1_Send)
    Uart_Get                                 0x080019fd   Thumb Code    28  bsp_uart.o(i.Uart_Get)
    Uart_Init                                0x08001a1d   Thumb Code     4  bsp_uart.o(i.Uart_Init)
    Uart_Send                                0x08001a21   Thumb Code    18  bsp_uart.o(i.Uart_Send)
    UsageFault_Handler                       0x08001a39   Thumb Code     2  stm32f10x_it.o(i.UsageFault_Handler)
    Usart3_Send                              0x08001a3d   Thumb Code    92  usart3.o(i.Usart3_Send)
    _sys_exit                                0x08001aa1   Thumb Code     2  usart.o(i._sys_exit)
    delay_init                               0x08001aa5   Thumb Code    60  delay.o(i.delay_init)
    delay_ms                                 0x08001aed   Thumb Code    52  delay.o(i.delay_ms)
    delay_us                                 0x08001b25   Thumb Code    48  delay.o(i.delay_us)
    fputc                                    0x08001b59   Thumb Code    18  usart.o(i.fputc)
    main                                     0x08001b71   Thumb Code    46  main.o(i.main)
    pvPortMalloc                             0x08002419   Thumb Code   214  heap_4.o(i.pvPortMalloc)
    pvTaskIncrementMutexHeldCount            0x0800252d   Thumb Code    18  tasks.o(i.pvTaskIncrementMutexHeldCount)
    pxPortInitialiseStack                    0x08002545   Thumb Code    32  port.o(i.pxPortInitialiseStack)
    start_task                               0x08002569   Thumb Code    66  main.o(i.start_task)
    task1_task                               0x080025d1   Thumb Code   118  main.o(i.task1_task)
    task2_task                               0x08002695   Thumb Code    26  main.o(i.task2_task)
    task3_task                               0x080026b5   Thumb Code     6  main.o(i.task3_task)
    task4_task                               0x080026bd   Thumb Code    66  main.o(i.task4_task)
    usart3_init                              0x08002725   Thumb Code   342  usart3.o(i.usart3_init)
    uxListRemove                             0x08002891   Thumb Code    36  list.o(i.uxListRemove)
    vListInitialise                          0x080028b5   Thumb Code    22  list.o(i.vListInitialise)
    vListInitialiseItem                      0x080028cb   Thumb Code     6  list.o(i.vListInitialiseItem)
    vListInsert                              0x080028d1   Thumb Code    48  list.o(i.vListInsert)
    vListInsertEnd                           0x08002901   Thumb Code    24  list.o(i.vListInsertEnd)
    vPortEnterCritical                       0x08002919   Thumb Code    50  port.o(i.vPortEnterCritical)
    vPortExitCritical                        0x08002991   Thumb Code    34  port.o(i.vPortExitCritical)
    vPortFree                                0x080029f5   Thumb Code    94  heap_4.o(i.vPortFree)
    vPortSetupTimerInterrupt                 0x08002a91   Thumb Code    26  port.o(i.vPortSetupTimerInterrupt)
    vPortValidateInterruptPriority           0x08002ab1   Thumb Code    70  port.o(i.vPortValidateInterruptPriority)
    vQueueAddToRegistry                      0x08002b3d   Thumb Code    32  queue.o(i.vQueueAddToRegistry)
    vQueueWaitForMessageRestricted           0x08002b61   Thumb Code    68  queue.o(i.vQueueWaitForMessageRestricted)
    vTaskDelay                               0x08002ba5   Thumb Code    62  tasks.o(i.vTaskDelay)
    vTaskDelete                              0x08002c11   Thumb Code   152  tasks.o(i.vTaskDelete)
    vTaskMissedYield                         0x08002cdd   Thumb Code     8  tasks.o(i.vTaskMissedYield)
    vTaskPlaceOnEventList                    0x08002ce9   Thumb Code    44  tasks.o(i.vTaskPlaceOnEventList)
    vTaskPlaceOnEventListRestricted          0x08002d3d   Thumb Code    52  tasks.o(i.vTaskPlaceOnEventListRestricted)
    vTaskPriorityInherit                     0x08002d99   Thumb Code   124  tasks.o(i.vTaskPriorityInherit)
    vTaskSetTimeOutState                     0x08002e1d   Thumb Code    30  tasks.o(i.vTaskSetTimeOutState)
    vTaskStartScheduler                      0x08002e65   Thumb Code    96  tasks.o(i.vTaskStartScheduler)
    vTaskSuspendAll                          0x08002ef9   Thumb Code    10  tasks.o(i.vTaskSuspendAll)
    vTaskSwitchContext                       0x08002f09   Thumb Code    80  tasks.o(i.vTaskSwitchContext)
    xPortStartScheduler                      0x08002f85   Thumb Code   108  port.o(i.xPortStartScheduler)
    xPortSysTickHandler                      0x08002ffd   Thumb Code    38  port.o(i.xPortSysTickHandler)
    xQueueCreateCountingSemaphore            0x08003029   Thumb Code    54  queue.o(i.xQueueCreateCountingSemaphore)
    xQueueGenericCreate                      0x08003085   Thumb Code    82  queue.o(i.xQueueGenericCreate)
    xQueueGenericReceive                     0x080030fd   Thumb Code   348  queue.o(i.xQueueGenericReceive)
    xQueueGenericReset                       0x08003281   Thumb Code   128  queue.o(i.xQueueGenericReset)
    xQueueGenericSend                        0x08003329   Thumb Code   350  queue.o(i.xQueueGenericSend)
    xQueueGenericSendFromISR                 0x080034b1   Thumb Code   188  queue.o(i.xQueueGenericSendFromISR)
    xQueueGiveFromISR                        0x08003591   Thumb Code   162  queue.o(i.xQueueGiveFromISR)
    xTaskCheckForTimeOut                     0x08003659   Thumb Code    94  tasks.o(i.xTaskCheckForTimeOut)
    xTaskCreate                              0x080036e1   Thumb Code    86  tasks.o(i.xTaskCreate)
    xTaskGetSchedulerState                   0x08003739   Thumb Code    22  tasks.o(i.xTaskGetSchedulerState)
    xTaskGetTickCount                        0x08003755   Thumb Code     6  tasks.o(i.xTaskGetTickCount)
    xTaskIncrementTick                       0x08003761   Thumb Code   188  tasks.o(i.xTaskIncrementTick)
    xTaskPriorityDisinherit                  0x08003849   Thumb Code   136  tasks.o(i.xTaskPriorityDisinherit)
    xTaskRemoveFromEventList                 0x080038fd   Thumb Code   102  tasks.o(i.xTaskRemoveFromEventList)
    xTaskResumeAll                           0x08003995   Thumb Code   180  tasks.o(i.xTaskResumeAll)
    xTimerCreate                             0x08003a79   Thumb Code    74  timers.o(i.xTimerCreate)
    xTimerCreateTimerTask                    0x08003aed   Thumb Code    58  timers.o(i.xTimerCreateTimerTask)
    xTimerGenericCommand                     0x08003b61   Thumb Code    98  timers.o(i.xTimerGenericCommand)
    Region$$Table$$Base                      0x08003bf0   Number         0  anon$$obj.o(Region$$Table)
    Region$$Table$$Limit                     0x08003c10   Number         0  anon$$obj.o(Region$$Table)
    StartTask_Handler                        0x20000000   Data           4  main.o(.data)
    Task1Task_Handler                        0x20000004   Data           4  main.o(.data)
    Task2Task_Handler                        0x20000008   Data           4  main.o(.data)
    Task3Task_Handler                        0x2000000c   Data           4  main.o(.data)
    Task4Task_Handler                        0x20000010   Data           4  main.o(.data)
    xSemaphore                               0x20000014   Data           4  main.o(.data)
    xSemaphore_3                             0x20000018   Data           4  main.o(.data)
    xSemaphore_4                             0x2000001c   Data           4  main.o(.data)
    xSemaphore_2                             0x20000020   Data           4  main.o(.data)
    SystemCoreClock                          0x20000024   Data           4  system_stm32f10x.o(.data)
    AHBPrescTable                            0x20000028   Data          16  system_stm32f10x.o(.data)
    __stdout                                 0x20000060   Data           4  usart.o(.data)
    pxCurrentTCB                             0x20000078   Data           4  tasks.o(.data)
    Rx3Flag                                  0x200000ec   Data           1  rfid.o(.data)
    Cmd_Read_Id                              0x200000ed   Data           8  rfid.o(.data)
    Cmd_Read_Block                           0x200000f5   Data           8  rfid.o(.data)
    Cmd_Read_RFID                            0x200000fd   Data           8  rfid.o(.data)
    Cmd_Write_Block                          0x20000105   Data          23  rfid.o(.data)
    RxBuffer                                 0x2000011c   Data        1024  main.o(.bss)
    TxBuffer                                 0x2000051c   Data        1024  main.o(.bss)
    Uart1_Rx_Buffer                          0x2000091c   Data         512  bsp_uart.o(.bss)
    Uart1_Rx_Fifo                            0x20000b1c   Data          12  bsp_uart.o(.bss)
    Uart4_Rx_Fifo                            0x20000b28   Data          12  uart4.o(.bss)
    Uart4_Rx_Buffer1                         0x20000b34   Data         100  uart4.o(.bss)
    Usart2_Rx_Fifo                           0x20000b98   Data          12  usart2.o(.bss)
    Usart2_Rx_Buffer                         0x20000ba4   Data        1024  usart2.o(.bss)
    Usart3_Rx_Buffer                         0x20000fa4   Data        1024  usart3.o(.bss)
    Usart3_Rx_Fifo                           0x200013a4   Data          12  usart3.o(.bss)
    xQueueRegistry                           0x200013b0   Data          64  queue.o(.bss)
    Uart3RxBuf                               0x200066fc   Data          30  rfid.o(.bss)
    Uart4_Rx_Buff                            0x2000671a   Data         256  wifi.o(.bss)
    __libspace_start                         0x2000681c   Data          96  libspace.o(.bss)
    __temporary_stack_top$libspace           0x2000687c   Data           0  libspace.o(.bss)



==============================================================================

Memory Map of the image

  Image Entry point : 0x08000279

  Load Region LR_1 (Base: 0x08000000, Size: 0x00003d2c, Max: 0xffffffff, ABSOLUTE)

    Execution Region ER_RO (Base: 0x08000000, Size: 0x00003c10, Max: 0xffffffff, ABSOLUTE)

    Base Addr    Size         Type   Attr      Idx    E Section Name        Object

    0x08000000   0x00000130   Data   RO          892    RESET               startup_stm32f10x_hd.o
    0x08000130   0x00000008   Code   RO         3357  * !!!main             c_w.l(__main.o)
    0x08000138   0x00000034   Code   RO         3547    !!!scatter          c_w.l(__scatter.o)
    0x0800016c   0x0000001a   Code   RO         3549    !!handler_copy      c_w.l(__scatter_copy.o)
    0x08000186   0x00000002   PAD
    0x08000188   0x0000001c   Code   RO         3551    !!handler_zi        c_w.l(__scatter_zi.o)
    0x080001a4   0x00000000   Code   RO         3340    .ARM.Collect$$_printf_percent$$00000000  c_w.l(_printf_percent.o)
    0x080001a4   0x00000006   Code   RO         3338    .ARM.Collect$$_printf_percent$$00000009  c_w.l(_printf_d.o)
    0x080001aa   0x00000006   Code   RO         3335    .ARM.Collect$$_printf_percent$$00000013  c_w.l(_printf_c.o)
    0x080001b0   0x00000006   Code   RO         3336    .ARM.Collect$$_printf_percent$$00000014  c_w.l(_printf_s.o)
    0x080001b6   0x00000004   Code   RO         3384    .ARM.Collect$$_printf_percent$$00000017  c_w.l(_printf_percent_end.o)
    0x080001ba   0x00000002   Code   RO         3422    .ARM.Collect$$libinit$$00000000  c_w.l(libinit.o)
    0x080001bc   0x00000000   Code   RO         3429    .ARM.Collect$$libinit$$00000002  c_w.l(libinit2.o)
    0x080001bc   0x00000000   Code   RO         3431    .ARM.Collect$$libinit$$00000004  c_w.l(libinit2.o)
    0x080001bc   0x00000000   Code   RO         3434    .ARM.Collect$$libinit$$0000000A  c_w.l(libinit2.o)
    0x080001bc   0x00000000   Code   RO         3436    .ARM.Collect$$libinit$$0000000C  c_w.l(libinit2.o)
    0x080001bc   0x00000000   Code   RO         3438    .ARM.Collect$$libinit$$0000000E  c_w.l(libinit2.o)
    0x080001bc   0x00000000   Code   RO         3441    .ARM.Collect$$libinit$$00000011  c_w.l(libinit2.o)
    0x080001bc   0x00000000   Code   RO         3443    .ARM.Collect$$libinit$$00000013  c_w.l(libinit2.o)
    0x080001bc   0x00000000   Code   RO         3445    .ARM.Collect$$libinit$$00000015  c_w.l(libinit2.o)
    0x080001bc   0x00000000   Code   RO         3447    .ARM.Collect$$libinit$$00000017  c_w.l(libinit2.o)
    0x080001bc   0x00000000   Code   RO         3449    .ARM.Collect$$libinit$$00000019  c_w.l(libinit2.o)
    0x080001bc   0x00000000   Code   RO         3451    .ARM.Collect$$libinit$$0000001B  c_w.l(libinit2.o)
    0x080001bc   0x00000000   Code   RO         3453    .ARM.Collect$$libinit$$0000001D  c_w.l(libinit2.o)
    0x080001bc   0x00000000   Code   RO         3455    .ARM.Collect$$libinit$$0000001F  c_w.l(libinit2.o)
    0x080001bc   0x00000000   Code   RO         3457    .ARM.Collect$$libinit$$00000021  c_w.l(libinit2.o)
    0x080001bc   0x00000000   Code   RO         3459    .ARM.Collect$$libinit$$00000023  c_w.l(libinit2.o)
    0x080001bc   0x00000000   Code   RO         3461    .ARM.Collect$$libinit$$00000025  c_w.l(libinit2.o)
    0x080001bc   0x00000000   Code   RO         3465    .ARM.Collect$$libinit$$0000002C  c_w.l(libinit2.o)
    0x080001bc   0x00000000   Code   RO         3467    .ARM.Collect$$libinit$$0000002E  c_w.l(libinit2.o)
    0x080001bc   0x00000000   Code   RO         3469    .ARM.Collect$$libinit$$00000030  c_w.l(libinit2.o)
    0x080001bc   0x00000000   Code   RO         3471    .ARM.Collect$$libinit$$00000032  c_w.l(libinit2.o)
    0x080001bc   0x00000002   Code   RO         3472    .ARM.Collect$$libinit$$00000033  c_w.l(libinit2.o)
    0x080001be   0x00000002   Code   RO         3490    .ARM.Collect$$libshutdown$$00000000  c_w.l(libshutdown.o)
    0x080001c0   0x00000000   Code   RO         3501    .ARM.Collect$$libshutdown$$00000003  c_w.l(libshutdown2.o)
    0x080001c0   0x00000000   Code   RO         3504    .ARM.Collect$$libshutdown$$00000006  c_w.l(libshutdown2.o)
    0x080001c0   0x00000000   Code   RO         3507    .ARM.Collect$$libshutdown$$00000009  c_w.l(libshutdown2.o)
    0x080001c0   0x00000000   Code   RO         3509    .ARM.Collect$$libshutdown$$0000000B  c_w.l(libshutdown2.o)
    0x080001c0   0x00000000   Code   RO         3512    .ARM.Collect$$libshutdown$$0000000E  c_w.l(libshutdown2.o)
    0x080001c0   0x00000002   Code   RO         3513    .ARM.Collect$$libshutdown$$0000000F  c_w.l(libshutdown2.o)
    0x080001c2   0x00000000   Code   RO         3373    .ARM.Collect$$rtentry$$00000000  c_w.l(__rtentry.o)
    0x080001c2   0x00000000   Code   RO         3393    .ARM.Collect$$rtentry$$00000002  c_w.l(__rtentry2.o)
    0x080001c2   0x00000006   Code   RO         3405    .ARM.Collect$$rtentry$$00000004  c_w.l(__rtentry4.o)
    0x080001c8   0x00000000   Code   RO         3395    .ARM.Collect$$rtentry$$00000009  c_w.l(__rtentry2.o)
    0x080001c8   0x00000004   Code   RO         3396    .ARM.Collect$$rtentry$$0000000A  c_w.l(__rtentry2.o)
    0x080001cc   0x00000000   Code   RO         3398    .ARM.Collect$$rtentry$$0000000C  c_w.l(__rtentry2.o)
    0x080001cc   0x00000008   Code   RO         3399    .ARM.Collect$$rtentry$$0000000D  c_w.l(__rtentry2.o)
    0x080001d4   0x00000002   Code   RO         3426    .ARM.Collect$$rtexit$$00000000  c_w.l(rtexit.o)
    0x080001d6   0x00000000   Code   RO         3474    .ARM.Collect$$rtexit$$00000002  c_w.l(rtexit2.o)
    0x080001d6   0x00000004   Code   RO         3475    .ARM.Collect$$rtexit$$00000003  c_w.l(rtexit2.o)
    0x080001da   0x00000006   Code   RO         3476    .ARM.Collect$$rtexit$$00000004  c_w.l(rtexit2.o)
    0x080001e0   0x00000096   Code   RO         3061    .emb_text           port.o
    0x08000276   0x00000002   PAD
    0x08000278   0x00000040   Code   RO          893  * .text               startup_stm32f10x_hd.o
    0x080002b8   0x00000002   Code   RO         3278    .text               c_w.l(use_no_semi_2.o)
    0x080002ba   0x00000002   PAD
    0x080002bc   0x00000018   Code   RO         3284    .text               c_w.l(noretval__2printf.o)
    0x080002d4   0x00000028   Code   RO         3286    .text               c_w.l(noretval__2sprintf.o)
    0x080002fc   0x00000068   Code   RO         3288    .text               c_w.l(__printf.o)
    0x08000364   0x00000052   Code   RO         3290    .text               c_w.l(_printf_str.o)
    0x080003b6   0x00000002   PAD
    0x080003b8   0x00000078   Code   RO         3292    .text               c_w.l(_printf_dec.o)
    0x08000430   0x00000024   Code   RO         3341    .text               c_w.l(strstr.o)
    0x08000454   0x0000003e   Code   RO         3345    .text               c_w.l(strlen.o)
    0x08000492   0x0000008a   Code   RO         3347    .text               c_w.l(rt_memcpy_v6.o)
    0x0800051c   0x00000010   Code   RO         3349    .text               c_w.l(aeabi_memset.o)
    0x0800052c   0x00000044   Code   RO         3351    .text               c_w.l(rt_memclr.o)
    0x08000570   0x0000004e   Code   RO         3353    .text               c_w.l(rt_memclr_w.o)
    0x080005be   0x00000006   Code   RO         3355    .text               c_w.l(heapauxi.o)
    0x080005c4   0x00000002   Code   RO         3371    .text               c_w.l(use_no_semi.o)
    0x080005c6   0x000000b2   Code   RO         3374    .text               c_w.l(_printf_intcommon.o)
    0x08000678   0x00000030   Code   RO         3376    .text               c_w.l(_printf_char_common.o)
    0x080006a8   0x0000000a   Code   RO         3378    .text               c_w.l(_sputc.o)
    0x080006b2   0x0000002c   Code   RO         3380    .text               c_w.l(_printf_char.o)
    0x080006de   0x00000002   PAD
    0x080006e0   0x00000024   Code   RO         3382    .text               c_w.l(_printf_char_file.o)
    0x08000704   0x00000064   Code   RO         3385    .text               c_w.l(rt_memcpy_w.o)
    0x08000768   0x00000008   Code   RO         3409    .text               c_w.l(ferror.o)
    0x08000770   0x0000004a   Code   RO         3413    .text               c_w.l(sys_stackheap_outer.o)
    0x080007ba   0x0000000c   Code   RO         3415    .text               c_w.l(exit.o)
    0x080007c6   0x00000002   PAD
    0x080007c8   0x00000008   Code   RO         3423    .text               c_w.l(libspace.o)
    0x080007d0   0x00000002   Code   RO          221    i.BusFault_Handler  stm32f10x_it.o
    0x080007d2   0x00000002   PAD
    0x080007d4   0x000000f8   Code   RO         3218    i.Connect_MQTT      wifi.o
    0x080008cc   0x00000018   Code   RO         2104    i.DMA_ClearFlag     stm32f10x_dma.o
    0x080008e4   0x00000016   Code   RO         2106    i.DMA_Cmd           stm32f10x_dma.o
    0x080008fa   0x00000002   PAD
    0x080008fc   0x000000e4   Code   RO         2107    i.DMA_DeInit        stm32f10x_dma.o
    0x080009e0   0x00000006   Code   RO         2108    i.DMA_GetCurrDataCounter  stm32f10x_dma.o
    0x080009e6   0x0000003a   Code   RO         2112    i.DMA_Init          stm32f10x_dma.o
    0x08000a20   0x00000002   Code   RO          222    i.DebugMon_Handler  stm32f10x_it.o
    0x08000a22   0x00000002   PAD
    0x08000a24   0x00000160   Code   RO         3219    i.ESP8266_Connect_IP  wifi.o
    0x08000b84   0x000000a0   Code   RO         3220    i.ESP8266_Connect_WIFI  wifi.o
    0x08000c24   0x000000a4   Code   RO         3221    i.ESP8266_MQTT_SUB  wifi.o
    0x08000cc8   0x00000080   Code   RO         3222    i.ESP8266_SetStation  wifi.o
    0x08000d48   0x00000050   Code   RO          321    i.Fifo_Get          app_fifo.o
    0x08000d98   0x0000000c   Code   RO          322    i.Fifo_Init         app_fifo.o
    0x08000da4   0x0000009c   Code   RO          939    i.GPIO_Init         stm32f10x_gpio.o
    0x08000e40   0x00000002   Code   RO          223    i.HardFault_Handler  stm32f10x_it.o
    0x08000e42   0x00000002   Code   RO          224    i.MemManage_Handler  stm32f10x_it.o
    0x08000e44   0x00000002   Code   RO          225    i.NMI_Handler       stm32f10x_it.o
    0x08000e46   0x00000002   PAD
    0x08000e48   0x00000064   Code   RO          897    i.NVIC_Init         misc.o
    0x08000eac   0x00000014   Code   RO          898    i.NVIC_PriorityGroupConfig  misc.o
    0x08000ec0   0x00000018   Code   RO         1072    i.RCC_AHBPeriphClockCmd  stm32f10x_rcc.o
    0x08000ed8   0x00000018   Code   RO         1073    i.RCC_APB1PeriphClockCmd  stm32f10x_rcc.o
    0x08000ef0   0x00000018   Code   RO         1074    i.RCC_APB1PeriphResetCmd  stm32f10x_rcc.o
    0x08000f08   0x00000018   Code   RO         1075    i.RCC_APB2PeriphClockCmd  stm32f10x_rcc.o
    0x08000f20   0x00000018   Code   RO         1076    i.RCC_APB2PeriphResetCmd  stm32f10x_rcc.o
    0x08000f38   0x00000094   Code   RO         1083    i.RCC_GetClocksFreq  stm32f10x_rcc.o
    0x08000fcc   0x00000020   Code   RO         3139    i.RFID_CMD          rfid.o
    0x08000fec   0x00000080   Code   RO         3142    i.ReadId            rfid.o
    0x0800106c   0x00000024   Code   RO         3223    i.Send_AtCmd        wifi.o
    0x08001090   0x000000a8   Code   RO          292    i.SetSysClockTo72   system_stm32f10x.o
    0x08001138   0x00000018   Code   RO          901    i.SysTick_CLKSourceConfig  misc.o
    0x08001150   0x00000014   Code   RO          782    i.SysTick_Handler   delay.o
    0x08001164   0x00000050   Code   RO          294    i.SystemInit        system_stm32f10x.o
    0x080011b4   0x0000003c   Code   RO          458    i.TIM3_IRQHandler   timer.o
    0x080011f0   0x0000003c   Code   RO          460    i.TIM5_IRQHandler   timer.o
    0x0800122c   0x00000006   Code   RO         1460    i.TIM_ClearITPendingBit  stm32f10x_tim.o
    0x08001232   0x00000018   Code   RO         1486    i.TIM_GetITStatus   stm32f10x_tim.o
    0x0800124a   0x00000020   Code   RO         3145    i.TxCheckSum        rfid.o
    0x0800126a   0x00000002   PAD
    0x0800126c   0x000000a8   Code   RO          689    i.UART4_IRQHandler  uart4.o
    0x08001314   0x00000088   Code   RO          354    i.USART1_IRQHandler  bsp_uart.o
    0x0800139c   0x00000088   Code   RO          721    i.USART2_IRQHandler  usart2.o
    0x08001424   0x00000090   Code   RO          753    i.USART3_IRQHandler  usart3.o
    0x080014b4   0x0000000c   Code   RO         1272    i.USART_ClearITPendingBit  stm32f10x_usart.o
    0x080014c0   0x00000014   Code   RO         1275    i.USART_Cmd         stm32f10x_usart.o
    0x080014d4   0x00000010   Code   RO         1276    i.USART_DMACmd      stm32f10x_usart.o
    0x080014e4   0x00000074   Code   RO         1277    i.USART_DeInit      stm32f10x_usart.o
    0x08001558   0x0000003e   Code   RO         1279    i.USART_GetITStatus  stm32f10x_usart.o
    0x08001596   0x00000030   Code   RO         1281    i.USART_ITConfig    stm32f10x_usart.o
    0x080015c6   0x00000002   PAD
    0x080015c8   0x000000ac   Code   RO         1282    i.USART_Init        stm32f10x_usart.o
    0x08001674   0x0000017c   Code   RO          690    i.Uart4_Init        uart4.o
    0x080017f0   0x00000034   Code   RO          691    i.Uart4_Send        uart4.o
    0x08001824   0x00000010   Code   RO          356    i.Uart_1_Get        bsp_uart.o
    0x08001834   0x00000160   Code   RO          357    i.Uart_1_Init       bsp_uart.o
    0x08001994   0x00000068   Code   RO          359    i.Uart_1_Send       bsp_uart.o
    0x080019fc   0x00000020   Code   RO          361    i.Uart_Get          bsp_uart.o
    0x08001a1c   0x00000004   Code   RO          362    i.Uart_Init         bsp_uart.o
    0x08001a20   0x00000018   Code   RO          364    i.Uart_Send         bsp_uart.o
    0x08001a38   0x00000002   Code   RO          226    i.UsageFault_Handler  stm32f10x_it.o
    0x08001a3a   0x00000002   PAD
    0x08001a3c   0x00000064   Code   RO          754    i.Usart3_Send       usart3.o
    0x08001aa0   0x00000002   Code   RO          849    i._sys_exit         usart.o
    0x08001aa2   0x00000002   PAD
    0x08001aa4   0x00000048   Code   RO          783    i.delay_init        delay.o
    0x08001aec   0x00000038   Code   RO          784    i.delay_ms          delay.o
    0x08001b24   0x00000034   Code   RO          785    i.delay_us          delay.o
    0x08001b58   0x00000018   Code   RO          850    i.fputc             usart.o
    0x08001b70   0x00000044   Code   RO            1    i.main              main.o
    0x08001bb4   0x00000070   Code   RO         2547    i.prvAddCurrentTaskToDelayedList  tasks.o
    0x08001c24   0x000000d0   Code   RO         2548    i.prvAddNewTaskToReadyList  tasks.o
    0x08001cf4   0x00000050   Code   RO         2892    i.prvCheckForValidListAndQueue  timers.o
    0x08001d44   0x00000054   Code   RO         2549    i.prvCheckTasksWaitingTermination  tasks.o
    0x08001d98   0x00000026   Code   RO         2329    i.prvCopyDataFromQueue  queue.o
    0x08001dbe   0x0000006c   Code   RO         2330    i.prvCopyDataToQueue  queue.o
    0x08001e2a   0x00000014   Code   RO         2550    i.prvDeleteTCB      tasks.o
    0x08001e3e   0x00000002   PAD
    0x08001e40   0x0000004c   Code   RO         3012    i.prvHeapInit       heap_4.o
    0x08001e8c   0x00000028   Code   RO         2551    i.prvIdleTask       tasks.o
    0x08001eb4   0x000000c0   Code   RO         2552    i.prvInitialiseNewTask  tasks.o
    0x08001f74   0x0000004c   Code   RO         3013    i.prvInsertBlockIntoFreeList  heap_4.o
    0x08001fc0   0x00000038   Code   RO         2893    i.prvInsertTimerInActiveList  timers.o
    0x08001ff8   0x0000001a   Code   RO         2331    i.prvIsQueueEmpty   queue.o
    0x08002012   0x00000002   PAD
    0x08002014   0x00000090   Code   RO         2332    i.prvNotifyQueueSetContainer  queue.o
    0x080020a4   0x00000060   Code   RO         2894    i.prvProcessExpiredTimer  timers.o
    0x08002104   0x000000f0   Code   RO         2895    i.prvProcessReceivedCommands  timers.o
    0x080021f4   0x0000006c   Code   RO         2896    i.prvProcessTimerOrBlockTask  timers.o
    0x08002260   0x00000020   Code   RO         2554    i.prvResetNextTaskUnblockTime  tasks.o
    0x08002280   0x00000028   Code   RO         2897    i.prvSampleTimeNow  timers.o
    0x080022a8   0x0000006c   Code   RO         2898    i.prvSwitchTimerLists  timers.o
    0x08002314   0x00000064   Code   RO         3062    i.prvTaskExitError  port.o
    0x08002378   0x00000028   Code   RO         2899    i.prvTimerTask      timers.o
    0x080023a0   0x00000078   Code   RO         2333    i.prvUnlockQueue    queue.o
    0x08002418   0x00000114   Code   RO         3014    i.pvPortMalloc      heap_4.o
    0x0800252c   0x00000018   Code   RO         2556    i.pvTaskIncrementMutexHeldCount  tasks.o
    0x08002544   0x00000024   Code   RO         3063    i.pxPortInitialiseStack  port.o
    0x08002568   0x00000068   Code   RO            2    i.start_task        main.o
    0x080025d0   0x000000c4   Code   RO            3    i.task1_task        main.o
    0x08002694   0x00000020   Code   RO            4    i.task2_task        main.o
    0x080026b4   0x00000006   Code   RO            5    i.task3_task        main.o
    0x080026ba   0x00000002   PAD
    0x080026bc   0x00000068   Code   RO            6    i.task4_task        main.o
    0x08002724   0x0000016c   Code   RO          755    i.usart3_init       usart3.o
    0x08002890   0x00000024   Code   RO         2292    i.uxListRemove      list.o
    0x080028b4   0x00000016   Code   RO         2293    i.vListInitialise   list.o
    0x080028ca   0x00000006   Code   RO         2294    i.vListInitialiseItem  list.o
    0x080028d0   0x00000030   Code   RO         2295    i.vListInsert       list.o
    0x08002900   0x00000018   Code   RO         2296    i.vListInsertEnd    list.o
    0x08002918   0x00000078   Code   RO         3065    i.vPortEnterCritical  port.o
    0x08002990   0x00000064   Code   RO         3066    i.vPortExitCritical  port.o
    0x080029f4   0x0000009c   Code   RO         3015    i.vPortFree         heap_4.o
    0x08002a90   0x00000020   Code   RO         3067    i.vPortSetupTimerInterrupt  port.o
    0x08002ab0   0x0000008c   Code   RO         3068    i.vPortValidateInterruptPriority  port.o
    0x08002b3c   0x00000024   Code   RO         2339    i.vQueueAddToRegistry  queue.o
    0x08002b60   0x00000044   Code   RO         2343    i.vQueueWaitForMessageRestricted  queue.o
    0x08002ba4   0x0000006c   Code   RO         2564    i.vTaskDelay        tasks.o
    0x08002c10   0x000000cc   Code   RO         2566    i.vTaskDelete       tasks.o
    0x08002cdc   0x0000000c   Code   RO         2570    i.vTaskMissedYield  tasks.o
    0x08002ce8   0x00000054   Code   RO         2572    i.vTaskPlaceOnEventList  tasks.o
    0x08002d3c   0x0000005c   Code   RO         2573    i.vTaskPlaceOnEventListRestricted  tasks.o
    0x08002d98   0x00000084   Code   RO         2575    i.vTaskPriorityInherit  tasks.o
    0x08002e1c   0x00000048   Code   RO         2579    i.vTaskSetTimeOutState  tasks.o
    0x08002e64   0x00000094   Code   RO         2580    i.vTaskStartScheduler  tasks.o
    0x08002ef8   0x00000010   Code   RO         2582    i.vTaskSuspendAll   tasks.o
    0x08002f08   0x0000007c   Code   RO         2583    i.vTaskSwitchContext  tasks.o
    0x08002f84   0x00000078   Code   RO         3069    i.xPortStartScheduler  port.o
    0x08002ffc   0x0000002c   Code   RO         3070    i.xPortSysTickHandler  port.o
    0x08003028   0x0000005c   Code   RO         2345    i.xQueueCreateCountingSemaphore  queue.o
    0x08003084   0x00000078   Code   RO         2348    i.xQueueGenericCreate  queue.o
    0x080030fc   0x00000184   Code   RO         2349    i.xQueueGenericReceive  queue.o
    0x08003280   0x000000a8   Code   RO         2350    i.xQueueGenericReset  queue.o
    0x08003328   0x00000188   Code   RO         2351    i.xQueueGenericSend  queue.o
    0x080034b0   0x000000e0   Code   RO         2352    i.xQueueGenericSendFromISR  queue.o
    0x08003590   0x000000c8   Code   RO         2353    i.xQueueGiveFromISR  queue.o
    0x08003658   0x00000088   Code   RO         2584    i.xTaskCheckForTimeOut  tasks.o
    0x080036e0   0x00000056   Code   RO         2585    i.xTaskCreate       tasks.o
    0x08003736   0x00000002   PAD
    0x08003738   0x0000001c   Code   RO         2589    i.xTaskGetSchedulerState  tasks.o
    0x08003754   0x0000000c   Code   RO         2590    i.xTaskGetTickCount  tasks.o
    0x08003760   0x000000e8   Code   RO         2592    i.xTaskIncrementTick  tasks.o
    0x08003848   0x000000b4   Code   RO         2595    i.xTaskPriorityDisinherit  tasks.o
    0x080038fc   0x00000098   Code   RO         2596    i.xTaskRemoveFromEventList  tasks.o
    0x08003994   0x000000e4   Code   RO         2598    i.xTaskResumeAll    tasks.o
    0x08003a78   0x00000074   Code   RO         2902    i.xTimerCreate      timers.o
    0x08003aec   0x00000074   Code   RO         2903    i.xTimerCreateTimerTask  timers.o
    0x08003b60   0x00000090   Code   RO         2904    i.xTimerGenericCommand  timers.o
    0x08003bf0   0x00000020   Data   RO         3545    Region$$Table       anon$$obj.o


    Execution Region ER_RW (Base: 0x20000000, Size: 0x0000011c, Max: 0xffffffff, ABSOLUTE)

    Base Addr    Size         Type   Attr      Idx    E Section Name        Object

    0x20000000   0x00000020   Data   RW            8    .data               main.o
    0x20000020   0x00000004   Data   RW            9    .data               main.o
    0x20000024   0x00000014   Data   RW          295    .data               system_stm32f10x.o
    0x20000038   0x00000008   Data   RW          366    .data               bsp_uart.o
    0x20000040   0x00000008   Data   RW          693    .data               uart4.o
    0x20000048   0x00000008   Data   RW          725    .data               usart2.o
    0x20000050   0x0000000c   Data   RW          757    .data               usart3.o
    0x2000005c   0x00000004   Data   RW          787    .data               delay.o
    0x20000060   0x00000004   Data   RW          851    .data               usart.o
    0x20000064   0x00000014   Data   RW         1103    .data               stm32f10x_rcc.o
    0x20000078   0x0000003c   Data   RW         2601    .data               tasks.o
    0x200000b4   0x00000014   Data   RW         2912    .data               timers.o
    0x200000c8   0x00000018   Data   RW         3020    .data               heap_4.o
    0x200000e0   0x0000000c   Data   RW         3071    .data               port.o
    0x200000ec   0x00000030   Data   RW         3152    .data               rfid.o


    Execution Region ER_ZI (Base: 0x2000011c, Size: 0x00006d64, Max: 0xffffffff, ABSOLUTE)

    Base Addr    Size         Type   Attr      Idx    E Section Name        Object

    0x2000011c   0x00000800   Zero   RW            7    .bss                main.o
    0x2000091c   0x0000020c   Zero   RW          365    .bss                bsp_uart.o
    0x20000b28   0x00000070   Zero   RW          692    .bss                uart4.o
    0x20000b98   0x0000040c   Zero   RW          724    .bss                usart2.o
    0x20000fa4   0x0000040c   Zero   RW          756    .bss                usart3.o
    0x200013b0   0x00000040   Zero   RW         2363    .bss                queue.o
    0x200013f0   0x000002e4   Zero   RW         2600    .bss                tasks.o
    0x200016d4   0x00000028   Zero   RW         2911    .bss                timers.o
    0x200016fc   0x00005000   Zero   RW         3019    .bss                heap_4.o
    0x200066fc   0x0000001e   Zero   RW         3149    .bss                rfid.o
    0x2000671a   0x00000100   Zero   RW         3224    .bss                wifi.o
    0x2000681a   0x00000002   PAD
    0x2000681c   0x00000060   Zero   RW         3424    .bss                c_w.l(libspace.o)
    0x2000687c   0x00000004   PAD
    0x20006880   0x00000200   Zero   RW          891    HEAP                startup_stm32f10x_hd.o
    0x20006a80   0x00000400   Zero   RW          890    STACK               startup_stm32f10x_hd.o


==============================================================================

Image component sizes


      Code (inc. data)   RO Data    RW Data    ZI Data      Debug   Object Name

        92          0          0          0          0       1795   app_fifo.o
       668         64          0          8        524       7523   bsp_uart.o
       200         20          0          4          0       2521   delay.o
         0          0          0          0          0      10536   event_groups.o
       584        138          0         24      20480       3959   heap_4.o
         0          0          0          0          0       1456   lcd.o
       136          0          0          0          0       3130   list.o
       510        182          0         36       2048     282560   main.o
       144         16          0          0          0       2157   misc.o
       842        312          0         12          0      10597   port.o
      2124        312          0          0         64      13389   queue.o
       192         30          0         48         30       3371   rfid.o
        64         26        304          0       1536        840   startup_stm32f10x_hd.o
       338         18          0          0          0       4671   stm32f10x_dma.o
       156          0          0          0          0       1876   stm32f10x_gpio.o
        12          0          0          0          0       2769   stm32f10x_it.o
       268         46          0         20          0       6376   stm32f10x_rcc.o
        30          0          0          0          0       2605   stm32f10x_tim.o
       446         26          0          0          0       6214   stm32f10x_usart.o
         0          0          0          0          0         32   sys.o
       248         24          0         20          0       1921   system_stm32f10x.o
      2758        670          0         60        740      28963   tasks.o
       120         52          0          0          0       1076   timer.o
      1144        260          0         20         40       9210   timers.o
       600         70          0          8        112       3417   uart4.o
        26          6          0          4          0       2902   usart.o
       136         20          0          8       1036       1577   usart2.o
       608         50          0         12       1036       3133   usart3.o
      1088        454          0          0        256       5223   wifi.o

    ----------------------------------------------------------------------
     13560       2796        336        284      27904     425799   Object Totals
         0          0         32          0          0          0   (incl. Generated)
        26          0          0          0          2          0   (incl. Padding)

    ----------------------------------------------------------------------

      Code (inc. data)   RO Data    RW Data    ZI Data      Debug   Library Member Name

         8          0          0          0          0         68   __main.o
       104          0          0          0          0         84   __printf.o
         0          0          0          0          0          0   __rtentry.o
        12          0          0          0          0          0   __rtentry2.o
         6          0          0          0          0          0   __rtentry4.o
        52          8          0          0          0          0   __scatter.o
        26          0          0          0          0          0   __scatter_copy.o
        28          0          0          0          0          0   __scatter_zi.o
         6          0          0          0          0          0   _printf_c.o
        44          0          0          0          0        108   _printf_char.o
        48          6          0          0          0         96   _printf_char_common.o
        36          4          0          0          0         80   _printf_char_file.o
         6          0          0          0          0          0   _printf_d.o
       120         16          0          0          0         92   _printf_dec.o
       178          0          0          0          0         88   _printf_intcommon.o
         0          0          0          0          0          0   _printf_percent.o
         4          0          0          0          0          0   _printf_percent_end.o
         6          0          0          0          0          0   _printf_s.o
        82          0          0          0          0         80   _printf_str.o
        10          0          0          0          0         68   _sputc.o
        16          0          0          0          0         68   aeabi_memset.o
        12          0          0          0          0         72   exit.o
         8          0          0          0          0         68   ferror.o
         6          0          0          0          0        152   heapauxi.o
         2          0          0          0          0          0   libinit.o
         2          0          0          0          0          0   libinit2.o
         2          0          0          0          0          0   libshutdown.o
         2          0          0          0          0          0   libshutdown2.o
         8          4          0          0         96         68   libspace.o
        24          4          0          0          0         84   noretval__2printf.o
        40          6          0          0          0         84   noretval__2sprintf.o
        68          0          0          0          0         68   rt_memclr.o
        78          0          0          0          0         80   rt_memclr_w.o
       138          0          0          0          0         68   rt_memcpy_v6.o
       100          0          0          0          0         80   rt_memcpy_w.o
         2          0          0          0          0          0   rtexit.o
        10          0          0          0          0          0   rtexit2.o
        62          0          0          0          0         76   strlen.o
        36          0          0          0          0         80   strstr.o
        74          0          0          0          0         80   sys_stackheap_outer.o
         2          0          0          0          0         68   use_no_semi.o
         2          0          0          0          0         68   use_no_semi_2.o

    ----------------------------------------------------------------------
      1480         48          0          0        100       2028   Library Totals
        10          0          0          0          4          0   (incl. Padding)

    ----------------------------------------------------------------------

      Code (inc. data)   RO Data    RW Data    ZI Data      Debug   Library Name

      1470         48          0          0         96       2028   c_w.l

    ----------------------------------------------------------------------
      1480         48          0          0        100       2028   Library Totals

    ----------------------------------------------------------------------

==============================================================================


      Code (inc. data)   RO Data    RW Data    ZI Data      Debug   

     15040       2844        336        284      28004     419711   Grand Totals
     15040       2844        336        284      28004     419711   ELF Image Totals
     15040       2844        336        284          0          0   ROM Totals

==============================================================================

    Total RO  Size (Code + RO Data)                15376 (  15.02kB)
    Total RW  Size (RW Data + ZI Data)             28288 (  27.63kB)
    Total ROM Size (Code + RO Data + RW Data)      15660 (  15.29kB)

==============================================================================

